Component: ARM Compiler 5.06 update 2 (build 183) Tool: armlink [4d35b7]

==============================================================================

Section Cross References

    main.o(i.LCD_UI_Init) refers to ili9341_lcd.o(i.ILI9341_Init) for ILI9341_Init
    main.o(i.LCD_UI_Init) refers to ili9341_lcd.o(i.LCD_SetFont) for LCD_SetFont
    main.o(i.LCD_UI_Init) refers to ili9341_lcd.o(i.LCD_SetColors) for LCD_SetColors
    main.o(i.LCD_UI_Init) refers to ili9341_lcd.o(i.ILI9341_Clear) for ILI9341_Clear
    main.o(i.LCD_UI_Init) refers to ili9341_lcd.o(i.ILI9341_DisplayStringEx) for ILI9341_DisplayStringEx
    main.o(i.LCD_UI_Init) refers to ili9341_lcd.o(i.LCD_SetTextColor) for LCD_SetTextColor
    main.o(i.LCD_UI_Init) refers to fonts.o(.data) for Font8x16
    main.o(i.LCD_UI_Init) refers to ili9341_lcd.o(.data) for LCD_Y_LENGTH
    main.o(i.main) refers to systick.o(i.SysTick_Init) for SysTick_Init
    main.o(i.main) refers to beep.o(i.BEEP_Config) for BEEP_Config
    main.o(i.main) refers to bsp_fan.o(i.FAN_GENERAL_TIM_Init) for FAN_GENERAL_TIM_Init
    main.o(i.main) refers to main.o(i.LCD_UI_Init) for LCD_UI_Init
    main.o(i.main) refers to led.o(i.LED_Config) for LED_Config
    main.o(i.main) refers to usart.o(i.UASRT_1_Config) for UASRT_1_Config
    main.o(i.main) refers to printfa.o(i.__0printf) for __2printf
    main.o(i.main) refers to dht11.o(i.DHT11_GPIO_Config) for DHT11_GPIO_Config
    main.o(i.main) refers to adc.o(i.ADCx_Init) for ADCx_Init
    main.o(i.main) refers to bsp_esp8266.o(i.ESP8266_Init) for ESP8266_Init
    main.o(i.main) refers to upload.o(i.ESP8266_Config) for ESP8266_Config
    main.o(i.main) refers to bsp_generaltim.o(i.GENERAL_TIM_Init) for GENERAL_TIM_Init
    main.o(i.main) refers to dht11.o(i.Read_DHT11) for Read_DHT11
    main.o(i.main) refers to printfa.o(i.__0sprintf) for __2sprintf
    main.o(i.main) refers to dfltui.o(.text) for __aeabi_ui2d
    main.o(i.main) refers to dmul.o(.text) for __aeabi_dmul
    main.o(i.main) refers to dadd.o(.text) for __aeabi_dadd
    main.o(i.main) refers to d2f.o(.text) for __aeabi_d2f
    main.o(i.main) refers to ili9341_lcd.o(i.ILI9341_DisplayStringEx) for ILI9341_DisplayStringEx
    main.o(i.main) refers to adc.o(i.Get_Light_Average) for Get_Light_Average
    main.o(i.main) refers to ffltui.o(.text) for __aeabi_ui2f
    main.o(i.main) refers to fdiv.o(.text) for __aeabi_fdiv
    main.o(i.main) refers to f2d.o(.text) for __aeabi_f2d
    main.o(i.main) refers to ddiv.o(.text) for __aeabi_ddiv
    main.o(i.main) refers to cdrcmple.o(.text) for __aeabi_cdrcmple
    main.o(i.main) refers to ili9341_lcd.o(i.LCD_SetTextColor) for LCD_SetTextColor
    main.o(i.main) refers to stm32f10x_tim.o(i.TIM_SetCompare4) for TIM_SetCompare4
    main.o(i.main) refers to stm32f10x_gpio.o(i.GPIO_ResetBits) for GPIO_ResetBits
    main.o(i.main) refers to stm32f10x_gpio.o(i.GPIO_SetBits) for GPIO_SetBits
    main.o(i.main) refers to adc.o(i.Get_MQ2_Average) for Get_MQ2_Average
    main.o(i.main) refers to main.o(.data) for DHT11_Data
    main.o(i.main) refers to main.o(.bss) for Buff
    main.o(i.main) refers to adc.o(i.Get_DUST_Average) for Get_DUST_Average
    main.o(i.main) refers to cdcmple.o(.text) for __aeabi_cdcmple
    main.o(i.main) refers to ffixi.o(.text) for __aeabi_f2iz
    main.o(i.main) refers to upload.o(i.ESP8266_Query) for ESP8266_Query
    main.o(i.main) refers to strlen.o(.text) for strlen
    main.o(i.main) refers to strncpy.o(.text) for strncpy
    main.o(i.main) refers to main.o(.conststring) for .conststring
    stm32f10x_it.o(i.SysTick_Handler) refers to systick.o(.data) for TimingDelay
    stm32f10x_it.o(i.TIM5_IRQHandler) refers to stm32f10x_tim.o(i.TIM_GetITStatus) for TIM_GetITStatus
    stm32f10x_it.o(i.TIM5_IRQHandler) refers to stm32f10x_tim.o(i.TIM_ClearITPendingBit) for TIM_ClearITPendingBit
    stm32f10x_it.o(i.TIM5_IRQHandler) refers to main.o(.data) for time
    stm32f10x_it.o(i.USART3_IRQHandler) refers to stm32f10x_usart.o(i.USART_GetITStatus) for USART_GetITStatus
    stm32f10x_it.o(i.USART3_IRQHandler) refers to stm32f10x_usart.o(i.USART_ReceiveData) for USART_ReceiveData
    stm32f10x_it.o(i.USART3_IRQHandler) refers to strstr.o(.text) for strstr
    stm32f10x_it.o(i.USART3_IRQHandler) refers to bsp_esp8266.o(.bss) for strEsp8266_Fram_Record
    stm32f10x_it.o(i.USART3_IRQHandler) refers to upload.o(.data) for ucTcpClosedFlag
    usart.o(i.UASRT_1_Config) refers to stm32f10x_rcc.o(i.RCC_APB2PeriphClockCmd) for RCC_APB2PeriphClockCmd
    usart.o(i.UASRT_1_Config) refers to stm32f10x_gpio.o(i.GPIO_Init) for GPIO_Init
    usart.o(i.UASRT_1_Config) refers to stm32f10x_usart.o(i.USART_Init) for USART_Init
    usart.o(i.UASRT_1_Config) refers to usart.o(i.USART_1_NVIC_Config) for USART_1_NVIC_Config
    usart.o(i.UASRT_1_Config) refers to stm32f10x_usart.o(i.USART_ITConfig) for USART_ITConfig
    usart.o(i.UASRT_1_Config) refers to stm32f10x_usart.o(i.USART_Cmd) for USART_Cmd
[...]
    ../clib/microlib/init/entry.s            0x00000000   Number         0  entry10b.o ABSOLUTE
    ../clib/microlib/init/entry.s            0x00000000   Number         0  entry11a.o ABSOLUTE
    ../clib/microlib/init/entry.s            0x00000000   Number         0  entry.o ABSOLUTE
    ../clib/microlib/init/entry.s            0x00000000   Number         0  entry10a.o ABSOLUTE
    ../clib/microlib/init/entry.s            0x00000000   Number         0  entry7a.o ABSOLUTE
    ../clib/microlib/init/entry.s            0x00000000   Number         0  entry9b.o ABSOLUTE
    ../clib/microlib/init/entry.s            0x00000000   Number         0  entry9a.o ABSOLUTE
    ../clib/microlib/init/entry.s            0x00000000   Number         0  entry8a.o ABSOLUTE
    ../clib/microlib/init/entry.s            0x00000000   Number         0  entry7b.o ABSOLUTE
    ../clib/microlib/init/entry.s            0x00000000   Number         0  entry5.o ABSOLUTE
    ../clib/microlib/init/entry.s            0x00000000   Number         0  entry8b.o ABSOLUTE
    ../clib/microlib/longlong.c              0x00000000   Number         0  llsshr.o ABSOLUTE
    ../clib/microlib/longlong.c              0x00000000   Number         0  llushr.o ABSOLUTE
    ../clib/microlib/longlong.c              0x00000000   Number         0  llshl.o ABSOLUTE
    ../clib/microlib/malloc/malloc.c         0x00000000   Number         0  mallocra.o ABSOLUTE
    ../clib/microlib/malloc/malloc.c         0x00000000   Number         0  malloca.o ABSOLUTE
    ../clib/microlib/malloc/malloc.c         0x00000000   Number         0  mallocr.o ABSOLUTE
    ../clib/microlib/malloc/malloc.c         0x00000000   Number         0  malloc.o ABSOLUTE
    ../clib/microlib/malloc/mvars.c          0x00000000   Number         0  mvars.o ABSOLUTE
    ../clib/microlib/printf/printf.c         0x00000000   Number         0  printfb.o ABSOLUTE
    ../clib/microlib/printf/printf.c         0x00000000   Number         0  printf1.o ABSOLUTE
    ../clib/microlib/printf/printf.c         0x00000000   Number         0  printf4.o ABSOLUTE
    ../clib/microlib/printf/printf.c         0x00000000   Number         0  printf5.o ABSOLUTE
    ../clib/microlib/printf/printf.c         0x00000000   Number         0  printfa.o ABSOLUTE
    ../clib/microlib/printf/printf.c         0x00000000   Number         0  printf7.o ABSOLUTE
    ../clib/microlib/printf/printf.c         0x00000000   Number         0  printf8.o ABSOLUTE
    ../clib/microlib/printf/printf.c         0x00000000   Number         0  printf6.o ABSOLUTE
    ../clib/microlib/printf/printf.c         0x00000000   Number         0  printf3.o ABSOLUTE
    ../clib/microlib/printf/printf.c         0x00000000   Number         0  printf2.o ABSOLUTE
    ../clib/microlib/printf/printf.c         0x00000000   Number         0  printf0.o ABSOLUTE
    ../clib/microlib/printf/stubs.s          0x00000000   Number         0  stubs.o ABSOLUTE
    ../clib/microlib/stdio/streams.c         0x00000000   Number         0  stdout.o ABSOLUTE
    ../clib/microlib/string/memcpy.c         0x00000000   Number         0  memcpya.o ABSOLUTE
    ../clib/microlib/string/memcpy.c         0x00000000   Number         0  memcpyb.o ABSOLUTE
    ../clib/microlib/string/memset.c         0x00000000   Number         0  memseta.o ABSOLUTE
    ../clib/microlib/string/strchr.c         0x00000000   Number         0  strchr.o ABSOLUTE
    ../clib/microlib/string/strcpy.c         0x00000000   Number         0  strcpy.o ABSOLUTE
    ../clib/microlib/string/strlen.c         0x00000000   Number         0  strlen.o ABSOLUTE
    ../clib/microlib/string/strncmp.c        0x00000000   Number         0  strncmp.o ABSOLUTE
    ../clib/microlib/string/strncpy.c        0x00000000   Number         0  strncpy.o ABSOLUTE
    ../clib/microlib/string/strstr.c         0x00000000   Number         0  strstr.o ABSOLUTE
    ../clib/microlib/stubs.s                 0x00000000   Number         0  iusefp.o ABSOLUTE
    ../fplib/microlib/d2f.c                  0x00000000   Number         0  d2f.o ABSOLUTE
    ../fplib/microlib/f2d.c                  0x00000000   Number         0  f2d.o ABSOLUTE
    ../fplib/microlib/fpadd.c                0x00000000   Number         0  dadd.o ABSOLUTE
    ../fplib/microlib/fpdiv.c                0x00000000   Number         0  ddiv.o ABSOLUTE
    ../fplib/microlib/fpdiv.c                0x00000000   Number         0  fdiv.o ABSOLUTE
    ../fplib/microlib/fpepilogue.c           0x00000000   Number         0  depilogue.o ABSOLUTE
    ../fplib/microlib/fpepilogue.c           0x00000000   Number         0  fepilogue.o ABSOLUTE
    ../fplib/microlib/fpfix.c                0x00000000   Number         0  ffixi.o ABSOLUTE
    ../fplib/microlib/fpfix.c                0x00000000   Number         0  dfixul.o ABSOLUTE
    ../fplib/microlib/fpfix.c                0x00000000   Number         0  dfixi.o ABSOLUTE
    ../fplib/microlib/fpfix.c                0x00000000   Number         0  ffixui.o ABSOLUTE
    ../fplib/microlib/fpflt.c                0x00000000   Number         0  dfltui.o ABSOLUTE
    ../fplib/microlib/fpflt.c                0x00000000   Number         0  dflti.o ABSOLUTE
    ../fplib/microlib/fpflt.c                0x00000000   Number         0  ffltui.o ABSOLUTE
    ../fplib/microlib/fpmul.c                0x00000000   Number         0  dmul.o ABSOLUTE
    ../fplib/microlib/fpscalb.c              0x00000000   Number         0  dscalb.o ABSOLUTE
    ../fplib/microlib/fpsqrt.c               0x00000000   Number         0  dsqrt.o ABSOLUTE
    ../mathlib/dunder.c                      0x00000000   Number         0  dunder.o ABSOLUTE
    ../mathlib/floor.c                       0x00000000   Number         0  floor.o ABSOLUTE
    ../mathlib/fpclassify.c                  0x00000000   Number         0  fpclassify.o ABSOLUTE
    ../mathlib/poly.c                        0x00000000   Number         0  poly.o ABSOLUTE
    ../mathlib/pow.c                         0x00000000   Number         0  pow_x.o ABSOLUTE
    ../mathlib/pow.c                         0x00000000   Number         0  pow.o ABSOLUTE
    ../mathlib/qnan.c                        0x00000000   Number         0  qnan.o ABSOLUTE
    ../mathlib/sqrt.c                        0x00000000   Number         0  sqrt.o ABSOLUTE
    ../mathlib/sqrt.c                        0x00000000   Number         0  sqrt_x.o ABSOLUTE
    ..\Libraries\CMSIS\core_cm3.c            0x00000000   Number         0  core_cm3.o ABSOLUTE
    ..\Libraries\CMSIS\startup\arm\startup_stm32f10x_hd.s 0x00000000   Number         0  startup_stm32f10x_hd.o ABSOLUTE
    ..\Libraries\CMSIS\system_stm32f10x.c    0x00000000   Number         0  system_stm32f10x.o ABSOLUTE
    ..\Libraries\STM32F10x_StdPeriph_Driver\src\misc.c 0x00000000   Number         0  misc.o ABSOLUTE
    ..\Libraries\STM32F10x_StdPeriph_Driver\src\stm32f10x_adc.c 0x00000000   Number         0  stm32f10x_adc.o ABSOLUTE
    ..\Libraries\STM32F10x_StdPeriph_Driver\src\stm32f10x_bkp.c 0x00000000   Number         0  stm32f10x_bkp.o ABSOLUTE
    ..\Libraries\STM32F10x_StdPeriph_Driver\src\stm32f10x_can.c 0x00000000   Number         0  stm32f10x_can.o ABSOLUTE
    ..\Libraries\STM32F10x_StdPeriph_Driver\src\stm32f10x_cec.c 0x00000000   Number         0  stm32f10x_cec.o ABSOLUTE
    ..\Libraries\STM32F10x_StdPeriph_Driver\src\stm32f10x_crc.c 0x00000000   Number         0  stm32f10x_crc.o ABSOLUTE
    ..\Libraries\STM32F10x_StdPeriph_Driver\src\stm32f10x_dac.c 0x00000000   Number         0  stm32f10x_dac.o ABSOLUTE
    ..\Libraries\STM32F10x_StdPeriph_Driver\src\stm32f10x_dbgmcu.c 0x00000000   Number         0  stm32f10x_dbgmcu.o ABSOLUTE
    ..\Libraries\STM32F10x_StdPeriph_Driver\src\stm32f10x_dma.c 0x00000000   Number         0  stm32f10x_dma.o ABSOLUTE
    ..\Libraries\STM32F10x_StdPeriph_Driver\src\stm32f10x_exti.c 0x00000000   Number         0  stm32f10x_exti.o ABSOLUTE
    ..\Libraries\STM32F10x_StdPeriph_Driver\src\stm32f10x_flash.c 0x00000000   Number         0  stm32f10x_flash.o ABSOLUTE
    ..\Libraries\STM32F10x_StdPeriph_Driver\src\stm32f10x_fsmc.c 0x00000000   Number         0  stm32f10x_fsmc.o ABSOLUTE
    ..\Libraries\STM32F10x_StdPeriph_Driver\src\stm32f10x_gpio.c 0x00000000   Number         0  stm32f10x_gpio.o ABSOLUTE
    ..\Libraries\STM32F10x_StdPeriph_Driver\src\stm32f10x_i2c.c 0x00000000   Number         0  stm32f10x_i2c.o ABSOLUTE
    ..\Libraries\STM32F10x_StdPeriph_Driver\src\stm32f10x_iwdg.c 0x00000000   Number         0  stm32f10x_iwdg.o ABSOLUTE
    ..\Libraries\STM32F10x_StdPeriph_Driver\src\stm32f10x_pwr.c 0x00000000   Number         0  stm32f10x_pwr.o ABSOLUTE
    ..\Libraries\STM32F10x_StdPeriph_Driver\src\stm32f10x_rcc.c 0x00000000   Number         0  stm32f10x_rcc.o ABSOLUTE
    ..\Libraries\STM32F10x_StdPeriph_Driver\src\stm32f10x_rtc.c 0x00000000   Number         0  stm32f10x_rtc.o ABSOLUTE
    ..\Libraries\STM32F10x_StdPeriph_Driver\src\stm32f10x_sdio.c 0x00000000   Number         0  stm32f10x_sdio.o ABSOLUTE
    ..\Libraries\STM32F10x_StdPeriph_Driver\src\stm32f10x_spi.c 0x00000000   Number         0  stm32f10x_spi.o ABSOLUTE
    ..\Libraries\STM32F10x_StdPeriph_Driver\src\stm32f10x_tim.c 0x00000000   Number         0  stm32f10x_tim.o ABSOLUTE
    ..\Libraries\STM32F10x_StdPeriph_Driver\src\stm32f10x_usart.c 0x00000000   Number         0  stm32f10x_usart.o ABSOLUTE
    ..\Libraries\STM32F10x_StdPeriph_Driver\src\stm32f10x_wwdg.c 0x00000000   Number         0  stm32f10x_wwdg.o ABSOLUTE
    ..\User\Common\common.c                  0x00000000   Number         0  common.o ABSOLUTE
    ..\User\GeneralTim\bsp_GeneralTim.c      0x00000000   Number         0  bsp_generaltim.o ABSOLUTE
    ..\User\SysTick\systick.c                0x00000000   Number         0  systick.o ABSOLUTE
    ..\User\Upload\upload.c                  0x00000000   Number         0  upload.o ABSOLUTE
    ..\User\adc\adc.c                        0x00000000   Number         0  adc.o ABSOLUTE
    ..\User\beep\beep.c                      0x00000000   Number         0  beep.o ABSOLUTE
    ..\User\bsp_fan\bsp_fan.c                0x00000000   Number         0  bsp_fan.o ABSOLUTE
    ..\User\cJSON\cJSON.c                    0x00000000   Number         0  cjson.o ABSOLUTE
    ..\User\dht11\dht11.c                    0x00000000   Number         0  dht11.o ABSOLUTE
    ..\User\esp8266\bsp_esp8266.c            0x00000000   Number         0  bsp_esp8266.o ABSOLUTE
    ..\User\flash\bsp_spi_flash.c            0x00000000   Number         0  bsp_spi_flash.o ABSOLUTE
    ..\User\lcd\fonts.c                      0x00000000   Number         0  fonts.o ABSOLUTE
    ..\User\lcd\ili9341_lcd.c                0x00000000   Number         0  ili9341_lcd.o ABSOLUTE
    ..\User\led\led.c                        0x00000000   Number         0  led.o ABSOLUTE
    ..\User\main.c                           0x00000000   Number         0  main.o ABSOLUTE
    ..\User\stm32f10x_it.c                   0x00000000   Number         0  stm32f10x_it.o ABSOLUTE
    ..\User\usart\usart.c                    0x00000000   Number         0  usart.o ABSOLUTE
    ..\\Libraries\\CMSIS\\core_cm3.c         0x00000000   Number         0  core_cm3.o ABSOLUTE
    cdcmple.s                                0x00000000   Number         0  cdcmple.o ABSOLUTE
    cdrcmple.s                               0x00000000   Number         0  cdrcmple.o ABSOLUTE
    dc.s                                     0x00000000   Number         0  dc.o ABSOLUTE
    handlers.s                               0x00000000   Number         0  handlers.o ABSOLUTE
    init.s                                   0x00000000   Number         0  init.o ABSOLUTE
    RESET                                    0x08000000   Section      304  startup_stm32f10x_hd.o(RESET)
    .ARM.Collect$$$$00000000                 0x08000130   Section        0  entry.o(.ARM.Collect$$$$00000000)
    .ARM.Collect$$$$00000001                 0x08000130   Section        4  entry2.o(.ARM.Collect$$$$00000001)
    .ARM.Collect$$$$00000004                 0x08000134   Section        4  entry5.o(.ARM.Collect$$$$00000004)
    .ARM.Collect$$$$00000008                 0x08000138   Section        0  entry7b.o(.ARM.Collect$$$$00000008)
    .ARM.Collect$$$$0000000A                 0x08000138   Section        0  entry8b.o(.ARM.Collect$$$$0000000A)
    .ARM.Collect$$$$0000000B                 0x08000138   Section        8  entry9a.o(.ARM.Collect$$$$0000000B)
    .ARM.Collect$$$$0000000D                 0x08000140   Section        0  entry10a.o(.ARM.Collect$$$$0000000D)
    .ARM.Collect$$$$0000000F                 0x08000140   Section        0  entry11a.o(.ARM.Collect$$$$0000000F)
    .ARM.Collect$$$$00002712                 0x08000140   Section        4  entry2.o(.ARM.Collect$$$$00002712)
    __lit__00000000                          0x08000140   Data           4  entry2.o(.ARM.Collect$$$$00002712)
    .text                                    0x08000144   Section       36  startup_stm32f10x_hd.o(.text)
    .text                                    0x08000168   Section        0  memseta.o(.text)
    .text                                    0x0800018c   Section        0  strstr.o(.text)
    .text                                    0x080001b0   Section        0  strncpy.o(.text)
    .text                                    0x080001c8   Section        0  strlen.o(.text)
    .text                                    0x080001d6   Section        0  fdiv.o(.text)
    .text                                    0x08000252   Section        0  dadd.o(.text)
    .text                                    0x080003a0   Section        0  dmul.o(.text)
    .text                                    0x08000484   Section        0  ddiv.o(.text)
    .text                                    0x08000562   Section        0  ffltui.o(.text)
    .text                                    0x0800056c   Section        0  dfltui.o(.text)
    .text                                    0x08000586   Section        0  ffixi.o(.text)
    .text                                    0x080005b8   Section        0  ffixui.o(.text)
    .text                                    0x080005e0   Section        0  f2d.o(.text)
    .text                                    0x08000608   Section       48  cdcmple.o(.text)
    .text                                    0x08000638   Section       48  cdrcmple.o(.text)
    .text                                    0x08000668   Section        0  d2f.o(.text)
    .text                                    0x080006a0   Section        0  uidiv.o(.text)
    .text                                    0x080006cc   Section        0  uldiv.o(.text)
    .text                                    0x0800072e   Section        0  llshl.o(.text)
    .text                                    0x0800074c   Section        0  llushr.o(.text)
    .text                                    0x0800076c   Section        0  llsshr.o(.text)
    .text                                    0x08000790   Section        0  fepilogue.o(.text)
    .text                                    0x08000790   Section        0  iusefp.o(.text)
    .text                                    0x080007fe   Section        0  depilogue.o(.text)
    .text                                    0x080008b8   Section        0  dfixul.o(.text)
    .text                                    0x080008e8   Section       36  init.o(.text)
    i.ADC_Cmd                                0x0800090c   Section        0  stm32f10x_adc.o(i.ADC_Cmd)
    i.ADC_DMACmd                             0x08000922   Section        0  stm32f10x_adc.o(i.ADC_DMACmd)
    i.ADC_GetCalibrationStatus               0x08000938   Section        0  stm32f10x_adc.o(i.ADC_GetCalibrationStatus)
    i.ADC_GetResetCalibrationStatus          0x0800094c   Section        0  stm32f10x_adc.o(i.ADC_GetResetCalibrationStatus)
    i.ADC_Init                               0x08000960   Section        0  stm32f10x_adc.o(i.ADC_Init)
    i.ADC_RegularChannelConfig               0x080009b0   Section        0  stm32f10x_adc.o(i.ADC_RegularChannelConfig)
    i.ADC_ResetCalibration                   0x08000a68   Section        0  stm32f10x_adc.o(i.ADC_ResetCalibration)
    i.ADC_SoftwareStartConvCmd               0x08000a72   Section        0  stm32f10x_adc.o(i.ADC_SoftwareStartConvCmd)
    i.ADC_StartCalibration                   0x08000a88   Section        0  stm32f10x_adc.o(i.ADC_StartCalibration)
    i.ADCx_GPIO_Config                       0x08000a94   Section        0  adc.o(i.ADCx_GPIO_Config)
    ADCx_GPIO_Config                         0x08000a95   Thumb Code    98  adc.o(i.ADCx_GPIO_Config)
    i.ADCx_Init                              0x08000b00   Section        0  adc.o(i.ADCx_Init)
    i.ADCx_Mode_Config                       0x08000b0c   Section        0  adc.o(i.ADCx_Mode_Config)
    ADCx_Mode_Config                         0x08000b0d   Thumb Code   254  adc.o(i.ADCx_Mode_Config)
    i.BEEP_Config                            0x08000c18   Section        0  beep.o(i.BEEP_Config)
    i.BusFault_Handler                       0x08000c50   Section        0  stm32f10x_it.o(i.BusFault_Handler)
    i.DHT11_GPIO_Config                      0x08000c54   Section        0  dht11.o(i.DHT11_GPIO_Config)
    i.DHT11_Mode_IPU                         0x08000c88   Section        0  dht11.o(i.DHT11_Mode_IPU)
    DHT11_Mode_IPU                           0x08000c89   Thumb Code    24  dht11.o(i.DHT11_Mode_IPU)
    i.DHT11_Mode_Out_PP                      0x08000ca4   Section        0  dht11.o(i.DHT11_Mode_Out_PP)
    DHT11_Mode_Out_PP                        0x08000ca5   Thumb Code    30  dht11.o(i.DHT11_Mode_Out_PP)
    i.DMA_Cmd                                0x08000cc8   Section        0  stm32f10x_dma.o(i.DMA_Cmd)
    i.DMA_DeInit                             0x08000ce0   Section        0  stm32f10x_dma.o(i.DMA_DeInit)
    i.DMA_Init                               0x08000e2c   Section        0  stm32f10x_dma.o(i.DMA_Init)
    i.DebugMon_Handler                       0x08000e68   Section        0  stm32f10x_it.o(i.DebugMon_Handler)
    i.Delay_us                               0x08000e6c   Section        0  systick.o(i.Delay_us)
    i.ESP8266_AT_Test                        0x08000e94   Section        0  bsp_esp8266.o(i.ESP8266_AT_Test)
    i.ESP8266_Cmd                            0x08000edc   Section        0  bsp_esp8266.o(i.ESP8266_Cmd)
    i.ESP8266_Config                         0x08000f9c   Section        0  upload.o(i.ESP8266_Config)
    i.ESP8266_Enable_MultipleId              0x08001058   Section        0  bsp_esp8266.o(i.ESP8266_Enable_MultipleId)
    i.ESP8266_ExitUnvarnishSend              0x08001098   Section        0  bsp_esp8266.o(i.ESP8266_ExitUnvarnishSend)
    i.ESP8266_GPIO_Config                    0x080010c0   Section        0  bsp_esp8266.o(i.ESP8266_GPIO_Config)
    ESP8266_GPIO_Config                      0x080010c1   Thumb Code    64  bsp_esp8266.o(i.ESP8266_GPIO_Config)
    i.ESP8266_Get_LinkStatus                 0x08001104   Section        0  bsp_esp8266.o(i.ESP8266_Get_LinkStatus)
    i.ESP8266_Init                           0x08001180   Section        0  bsp_esp8266.o(i.ESP8266_Init)
    i.ESP8266_JoinAP                         0x080011a4   Section        0  bsp_esp8266.o(i.ESP8266_JoinAP)
    i.ESP8266_Link_Server                    0x080011e4   Section        0  bsp_esp8266.o(i.ESP8266_Link_Server)
    i.ESP8266_Net_Mode_Choose                0x080012a4   Section        0  bsp_esp8266.o(i.ESP8266_Net_Mode_Choose)
    i.ESP8266_Query                          0x0800131c   Section        0  upload.o(i.ESP8266_Query)
    i.ESP8266_ReceiveString                  0x08001418   Section        0  bsp_esp8266.o(i.ESP8266_ReceiveString)
    i.ESP8266_Rst                            0x0800147c   Section        0  bsp_esp8266.o(i.ESP8266_Rst)
    i.ESP8266_SendString                     0x080014a4   Section        0  bsp_esp8266.o(i.ESP8266_SendString)
    i.ESP8266_USART_Config                   0x08001544   Section        0  bsp_esp8266.o(i.ESP8266_USART_Config)
    ESP8266_USART_Config                     0x08001545   Thumb Code   148  bsp_esp8266.o(i.ESP8266_USART_Config)
    i.ESP8266_USART_NVIC_Configuration       0x080015e0   Section        0  bsp_esp8266.o(i.ESP8266_USART_NVIC_Configuration)
    ESP8266_USART_NVIC_Configuration         0x080015e1   Thumb Code    40  bsp_esp8266.o(i.ESP8266_USART_NVIC_Configuration)
    i.ESP8266_UnvarnishSend                  0x08001608   Section        0  bsp_esp8266.o(i.ESP8266_UnvarnishSend)
    i.FAN_GENERAL_TIM_GPIO_Config            0x08001654   Section        0  bsp_fan.o(i.FAN_GENERAL_TIM_GPIO_Config)
    FAN_GENERAL_TIM_GPIO_Config              0x08001655   Thumb Code   106  bsp_fan.o(i.FAN_GENERAL_TIM_GPIO_Config)
    i.FAN_GENERAL_TIM_Init                   0x080016c8   Section        0  bsp_fan.o(i.FAN_GENERAL_TIM_Init)
    i.FAN_GENERAL_TIM_Mode_Config            0x080016d4   Section        0  bsp_fan.o(i.FAN_GENERAL_TIM_Mode_Config)
    FAN_GENERAL_TIM_Mode_Config              0x080016d5   Thumb Code   100  bsp_fan.o(i.FAN_GENERAL_TIM_Mode_Config)
    i.FSMC_NORSRAMCmd                        0x08001738   Section        0  stm32f10x_fsmc.o(i.FSMC_NORSRAMCmd)
    i.FSMC_NORSRAMInit                       0x0800176c   Section        0  stm32f10x_fsmc.o(i.FSMC_NORSRAMInit)
    i.GENERAL_TIM_Init                       0x08001852   Section        0  bsp_generaltim.o(i.GENERAL_TIM_Init)
    i.GENERAL_TIM_Mode_Config                0x08001860   Section        0  bsp_generaltim.o(i.GENERAL_TIM_Mode_Config)
    GENERAL_TIM_Mode_Config                  0x08001861   Thumb Code    74  bsp_generaltim.o(i.GENERAL_TIM_Mode_Config)
    i.GENERAL_TIM_NVIC_Config                0x080018b0   Section        0  bsp_generaltim.o(i.GENERAL_TIM_NVIC_Config)
    GENERAL_TIM_NVIC_Config                  0x080018b1   Thumb Code    42  bsp_generaltim.o(i.GENERAL_TIM_NVIC_Config)
    i.GPIO_Init                              0x080018da   Section        0  stm32f10x_gpio.o(i.GPIO_Init)
    i.GPIO_ReadInputDataBit                  0x080019f0   Section        0  stm32f10x_gpio.o(i.GPIO_ReadInputDataBit)
    i.GPIO_ResetBits                         0x08001a02   Section        0  stm32f10x_gpio.o(i.GPIO_ResetBits)
    i.GPIO_SetBits                           0x08001a06   Section        0  stm32f10x_gpio.o(i.GPIO_SetBits)
    i.GetGBKCode_from_EXFlash                0x08001a0c   Section        0  fonts.o(i.GetGBKCode_from_EXFlash)
    i.Get_DUST                               0x08001a60   Section        0  adc.o(i.Get_DUST)
    i.Get_DUST_Average                       0x08001aa4   Section        0  adc.o(i.Get_DUST_Average)
    i.Get_Light_Average                      0x08001acc   Section        0  adc.o(i.Get_Light_Average)
    i.Get_MQ2_Average                        0x08001af8   Section        0  adc.o(i.Get_MQ2_Average)
    i.HardFault_Handler                      0x08001b24   Section        0  stm32f10x_it.o(i.HardFault_Handler)
    i.ILI9341_BackLed_Control                0x08001b28   Section        0  ili9341_lcd.o(i.ILI9341_BackLed_Control)
    i.ILI9341_Clear                          0x08001b4c   Section        0  ili9341_lcd.o(i.ILI9341_Clear)
    i.ILI9341_Delay                          0x08001b78   Section        0  ili9341_lcd.o(i.ILI9341_Delay)
    ILI9341_Delay                            0x08001b79   Thumb Code    18  ili9341_lcd.o(i.ILI9341_Delay)
    i.ILI9341_DisplayStringEx                0x08001b8c   Section        0  ili9341_lcd.o(i.ILI9341_DisplayStringEx)
    i.ILI9341_DrawChar_Ex                    0x08001c94   Section        0  ili9341_lcd.o(i.ILI9341_DrawChar_Ex)
    i.ILI9341_FSMC_Config                    0x08001cf8   Section        0  ili9341_lcd.o(i.ILI9341_FSMC_Config)
    ILI9341_FSMC_Config                      0x08001cf9   Thumb Code    94  ili9341_lcd.o(i.ILI9341_FSMC_Config)
    i.ILI9341_FillColor                      0x08001d56   Section        0  ili9341_lcd.o(i.ILI9341_FillColor)
    ILI9341_FillColor                        0x08001d57   Thumb Code    32  ili9341_lcd.o(i.ILI9341_FillColor)
    i.ILI9341_GPIO_Config                    0x08001d78   Section        0  ili9341_lcd.o(i.ILI9341_GPIO_Config)
    ILI9341_GPIO_Config                      0x08001d79   Thumb Code   398  ili9341_lcd.o(i.ILI9341_GPIO_Config)
    i.ILI9341_GramScan                       0x08001f10   Section        0  ili9341_lcd.o(i.ILI9341_GramScan)
    i.ILI9341_Init                           0x08001fc8   Section        0  ili9341_lcd.o(i.ILI9341_Init)
    i.ILI9341_OpenWindow                     0x08001ff0   Section        0  ili9341_lcd.o(i.ILI9341_OpenWindow)
    i.ILI9341_REG_Config                     0x08002050   Section        0  ili9341_lcd.o(i.ILI9341_REG_Config)
    ILI9341_REG_Config                       0x08002051   Thumb Code   556  ili9341_lcd.o(i.ILI9341_REG_Config)
    i.ILI9341_Rst                            0x08002280   Section        0  ili9341_lcd.o(i.ILI9341_Rst)
    i.ILI9341_Write_Cmd                      0x080022a8   Section        0  ili9341_lcd.o(i.ILI9341_Write_Cmd)
    i.ILI9341_Write_Data                     0x080022b0   Section        0  ili9341_lcd.o(i.ILI9341_Write_Data)
    i.ILI9341_zoomChar                       0x080022bc   Section        0  ili9341_lcd.o(i.ILI9341_zoomChar)
    i.LCD_SetColors                          0x08002440   Section        0  ili9341_lcd.o(i.LCD_SetColors)
    i.LCD_SetFont                            0x08002454   Section        0  ili9341_lcd.o(i.LCD_SetFont)
    i.LCD_SetTextColor                       0x08002460   Section        0  ili9341_lcd.o(i.LCD_SetTextColor)
    i.LCD_UI_Init                            0x0800246c   Section        0  main.o(i.LCD_UI_Init)
    i.LED_Config                             0x08002600   Section        0  led.o(i.LED_Config)
    i.MemManage_Handler                      0x08002678   Section        0  stm32f10x_it.o(i.MemManage_Handler)
    i.NMI_Handler                            0x0800267c   Section        0  stm32f10x_it.o(i.NMI_Handler)
    i.NVIC_Init                              0x08002680   Section        0  misc.o(i.NVIC_Init)
    i.NVIC_PriorityGroupConfig               0x080026f0   Section        0  misc.o(i.NVIC_PriorityGroupConfig)
    i.PendSV_Handler                         0x08002704   Section        0  stm32f10x_it.o(i.PendSV_Handler)
    i.RCC_ADCCLKConfig                       0x08002708   Section        0  stm32f10x_rcc.o(i.RCC_ADCCLKConfig)
    i.RCC_AHBPeriphClockCmd                  0x08002720   Section        0  stm32f10x_rcc.o(i.RCC_AHBPeriphClockCmd)
    i.RCC_APB1PeriphClockCmd                 0x08002740   Section        0  stm32f10x_rcc.o(i.RCC_APB1PeriphClockCmd)
    i.RCC_APB2PeriphClockCmd                 0x08002760   Section        0  stm32f10x_rcc.o(i.RCC_APB2PeriphClockCmd)
    i.RCC_GetClocksFreq                      0x08002780   Section        0  stm32f10x_rcc.o(i.RCC_GetClocksFreq)
    i.Read_Byte                              0x08002854   Section        0  dht11.o(i.Read_Byte)
    Read_Byte                                0x08002855   Thumb Code    90  dht11.o(i.Read_Byte)
    i.Read_DHT11                             0x080028b4   Section        0  dht11.o(i.Read_DHT11)
    i.SPI_Cmd                                0x08002954   Section        0  stm32f10x_spi.o(i.SPI_Cmd)
    i.SPI_FLASH_BufferRead                   0x0800296c   Section        0  bsp_spi_flash.o(i.SPI_FLASH_BufferRead)
    i.SPI_FLASH_Init                         0x080029bc   Section        0  bsp_spi_flash.o(i.SPI_FLASH_Init)
    i.SPI_FLASH_SendByte                     0x08002a7c   Section        0  bsp_spi_flash.o(i.SPI_FLASH_SendByte)
    i.SPI_I2S_GetFlagStatus                  0x08002af4   Section        0  stm32f10x_spi.o(i.SPI_I2S_GetFlagStatus)
    i.SPI_I2S_ReceiveData                    0x08002b06   Section        0  stm32f10x_spi.o(i.SPI_I2S_ReceiveData)
    i.SPI_I2S_SendData                       0x08002b0c   Section        0  stm32f10x_spi.o(i.SPI_I2S_SendData)
    i.SPI_Init                               0x08002b10   Section        0  stm32f10x_spi.o(i.SPI_Init)
    i.SPI_TIMEOUT_UserCallback               0x08002b4c   Section        0  bsp_spi_flash.o(i.SPI_TIMEOUT_UserCallback)
    SPI_TIMEOUT_UserCallback                 0x08002b4d   Thumb Code    16  bsp_spi_flash.o(i.SPI_TIMEOUT_UserCallback)
    i.SVC_Handler                            0x08002b8c   Section        0  stm32f10x_it.o(i.SVC_Handler)
    i.SetSysClock                            0x08002b8e   Section        0  system_stm32f10x.o(i.SetSysClock)
    SetSysClock                              0x08002b8f   Thumb Code     8  system_stm32f10x.o(i.SetSysClock)
    i.SetSysClockTo72                        0x08002b98   Section        0  system_stm32f10x.o(i.SetSysClockTo72)
    SetSysClockTo72                          0x08002b99   Thumb Code   214  system_stm32f10x.o(i.SetSysClockTo72)
    i.SysTick_Handler                        0x08002c78   Section        0  stm32f10x_it.o(i.SysTick_Handler)
    i.SysTick_Init                           0x08002c90   Section        0  systick.o(i.SysTick_Init)
    i.SystemInit                             0x08002d0c   Section        0  system_stm32f10x.o(i.SystemInit)
    i.TIM5_IRQHandler                        0x08002d6c   Section        0  stm32f10x_it.o(i.TIM5_IRQHandler)
    i.TIM_ClearFlag                          0x08002d94   Section        0  stm32f10x_tim.o(i.TIM_ClearFlag)
    i.TIM_ClearITPendingBit                  0x08002d9a   Section        0  stm32f10x_tim.o(i.TIM_ClearITPendingBit)
    i.TIM_Cmd                                0x08002da0   Section        0  stm32f10x_tim.o(i.TIM_Cmd)
    i.TIM_GetITStatus                        0x08002db8   Section        0  stm32f10x_tim.o(i.TIM_GetITStatus)
    i.TIM_ITConfig                           0x08002dda   Section        0  stm32f10x_tim.o(i.TIM_ITConfig)
    i.TIM_OC4Init                            0x08002dec   Section        0  stm32f10x_tim.o(i.TIM_OC4Init)
    i.TIM_OC4PreloadConfig                   0x08002e68   Section        0  stm32f10x_tim.o(i.TIM_OC4PreloadConfig)
    i.TIM_SetCompare4                        0x08002e82   Section        0  stm32f10x_tim.o(i.TIM_SetCompare4)
    i.TIM_TimeBaseInit                       0x08002e88   Section        0  stm32f10x_tim.o(i.TIM_TimeBaseInit)
    i.UASRT_1_Config                         0x08002f2c   Section        0  usart.o(i.UASRT_1_Config)
    i.USART3_IRQHandler                      0x08002fb8   Section        0  stm32f10x_it.o(i.USART3_IRQHandler)
    i.USART_1_NVIC_Config                    0x08003058   Section        0  usart.o(i.USART_1_NVIC_Config)
    USART_1_NVIC_Config                      0x08003059   Thumb Code    42  usart.o(i.USART_1_NVIC_Config)
    i.USART_Cmd                              0x08003082   Section        0  stm32f10x_usart.o(i.USART_Cmd)
    i.USART_GetFlagStatus                    0x0800309a   Section        0  stm32f10x_usart.o(i.USART_GetFlagStatus)
    i.USART_GetITStatus                      0x080030b4   Section        0  stm32f10x_usart.o(i.USART_GetITStatus)
    i.USART_ITConfig                         0x08003108   Section        0  stm32f10x_usart.o(i.USART_ITConfig)
    i.USART_Init                             0x08003154   Section        0  stm32f10x_usart.o(i.USART_Init)
    i.USART_ReceiveData                      0x0800322c   Section        0  stm32f10x_usart.o(i.USART_ReceiveData)
    i.USART_SendData                         0x08003236   Section        0  stm32f10x_usart.o(i.USART_SendData)
    i.USART_printf                           0x0800323e   Section        0  common.o(i.USART_printf)
    i.UsageFault_Handler                     0x08003344   Section        0  stm32f10x_it.o(i.UsageFault_Handler)
    i.__0printf                              0x08003348   Section        0  printfa.o(i.__0printf)
    i.__0sprintf                             0x08003368   Section        0  printfa.o(i.__0sprintf)
    i.__scatterload_copy                     0x08003390   Section       14  handlers.o(i.__scatterload_copy)
    i.__scatterload_null                     0x0800339e   Section        2  handlers.o(i.__scatterload_null)
    i.__scatterload_zeroinit                 0x080033a0   Section       14  handlers.o(i.__scatterload_zeroinit)
    i._fp_digits                             0x080033b0   Section        0  printfa.o(i._fp_digits)
    _fp_digits                               0x080033b1   Thumb Code   334  printfa.o(i._fp_digits)
    i._printf_core                           0x08003514   Section        0  printfa.o(i._printf_core)
    _printf_core                             0x08003515   Thumb Code  1744  printfa.o(i._printf_core)
    i._printf_post_padding                   0x08003bf0   Section        0  printfa.o(i._printf_post_padding)
    _printf_post_padding                     0x08003bf1   Thumb Code    36  printfa.o(i._printf_post_padding)
    i._printf_pre_padding                    0x08003c14   Section        0  printfa.o(i._printf_pre_padding)
    _printf_pre_padding                      0x08003c15   Thumb Code    46  printfa.o(i._printf_pre_padding)
    i._sputc                                 0x08003c42   Section        0  printfa.o(i._sputc)
    _sputc                                   0x08003c43   Thumb Code    10  printfa.o(i._sputc)
    i.fputc                                  0x08003c4c   Section        0  usart.o(i.fputc)
    i.itoa                                   0x08003c70   Section        0  common.o(i.itoa)
    itoa                                     0x08003c71   Thumb Code    98  common.o(i.itoa)
    i.main                                   0x08003cd4   Section        0  main.o(i.main)
    .constdata                               0x08004880   Section    15200  fonts.o(.constdata)
    .conststring                             0x080083e0   Section      133  main.o(.conststring)
    .data                                    0x20000000   Section       32  main.o(.data)
    .data                                    0x20000020   Section        4  systick.o(.data)
    .data                                    0x20000024   Section       25  fonts.o(.data)
    everRead                                 0x2000003c   Data           1  fonts.o(.data)
    .data                                    0x20000040   Section       16  ili9341_lcd.o(.data)
    LCD_Currentfonts                         0x20000048   Data           4  ili9341_lcd.o(.data)
    CurrentTextColor                         0x2000004c   Data           2  ili9341_lcd.o(.data)
    CurrentBackColor                         0x2000004e   Data           2  ili9341_lcd.o(.data)
    .data                                    0x20000050   Section        4  bsp_spi_flash.o(.data)
    SPITimeout                               0x20000050   Data           4  bsp_spi_flash.o(.data)
    .data                                    0x20000054   Section        6  adc.o(.data)
    .data                                    0x2000005a   Section        2  upload.o(.data)
    .data                                    0x2000005c   Section       20  stm32f10x_rcc.o(.data)
    APBAHBPrescTable                         0x2000005c   Data          16  stm32f10x_rcc.o(.data)
    ADCPrescTable                            0x2000006c   Data           4  stm32f10x_rcc.o(.data)
    .data                                    0x20000070   Section       20  system_stm32f10x.o(.data)
    .data                                    0x20000084   Section        4  stdout.o(.data)
    .bss                                     0x20000088   Section      424  main.o(.bss)
    .bss                                     0x20000230   Section    17408  ili9341_lcd.o(.bss)
    .bss                                     0x20004630   Section     1026  bsp_esp8266.o(.bss)
    STACK                                    0x20004a38   Section     1024  startup_stm32f10x_hd.o(STACK)

    Global Symbols

    Symbol Name                              Value     Ov Type        Size  Object(Section)

    BuildAttributes$$THM_ISAv4$P$D$K$B$S$PE$A:L22UL41UL21$X:L11$S22US41US21$IEEE1$IW$USESV6$~STKCKD$USESV7$~SHL$OTIME$ROPI$IEEEX$EBA8$MICROLIB$REQ8$PRES8$EABIv2 0x00000000   Number         0  anon$$obj.o ABSOLUTE
    __ARM_use_no_argv                        0x00000000   Number         0  main.o ABSOLUTE
    _printf_a                                0x00000000   Number         0  stubs.o ABSOLUTE
    _printf_c                                0x00000000   Number         0  stubs.o ABSOLUTE
    _printf_charcount                        0x00000000   Number         0  stubs.o ABSOLUTE
    _printf_d                                0x00000000   Number         0  stubs.o ABSOLUTE
    _printf_e                                0x00000000   Number         0  stubs.o ABSOLUTE
    _printf_f                                0x00000000   Number         0  stubs.o ABSOLUTE
    _printf_flags                            0x00000000   Number         0  stubs.o ABSOLUTE
    _printf_fp_dec                           0x00000000   Number         0  stubs.o ABSOLUTE
    _printf_fp_hex                           0x00000000   Number         0  stubs.o ABSOLUTE
    _printf_g                                0x00000000   Number         0  stubs.o ABSOLUTE
    _printf_i                                0x00000000   Number         0  stubs.o ABSOLUTE
    _printf_int_dec                          0x00000000   Number         0  stubs.o ABSOLUTE
    _printf_l                                0x00000000   Number         0  stubs.o ABSOLUTE
    _printf_lc                               0x00000000   Number         0  stubs.o ABSOLUTE
    _printf_ll                               0x00000000   Number         0  stubs.o ABSOLUTE
    _printf_lld                              0x00000000   Number         0  stubs.o ABSOLUTE
    _printf_lli                              0x00000000   Number         0  stubs.o ABSOLUTE
    _printf_llo                              0x00000000   Number         0  stubs.o ABSOLUTE
    _printf_llu                              0x00000000   Number         0  stubs.o ABSOLUTE
    _printf_llx                              0x00000000   Number         0  stubs.o ABSOLUTE
    _printf_longlong_dec                     0x00000000   Number         0  stubs.o ABSOLUTE
    _printf_longlong_hex                     0x00000000   Number         0  stubs.o ABSOLUTE
    _printf_longlong_oct                     0x00000000   Number         0  stubs.o ABSOLUTE
    _printf_ls                               0x00000000   Number         0  stubs.o ABSOLUTE
    _printf_mbtowc                           0x00000000   Number         0  stubs.o ABSOLUTE
    _printf_n                                0x00000000   Number         0  stubs.o ABSOLUTE
    _printf_o                                0x00000000   Number         0  stubs.o ABSOLUTE
    _printf_p                                0x00000000   Number         0  stubs.o ABSOLUTE
    _printf_percent                          0x00000000   Number         0  stubs.o ABSOLUTE
    _printf_pre_padding                      0x00000000   Number         0  stubs.o ABSOLUTE
    _printf_return_value                     0x00000000   Number         0  stubs.o ABSOLUTE
    _printf_s                                0x00000000   Number         0  stubs.o ABSOLUTE
    _printf_sizespec                         0x00000000   Number         0  stubs.o ABSOLUTE
    _printf_str                              0x00000000   Number         0  stubs.o ABSOLUTE
    _printf_truncate_signed                  0x00000000   Number         0  stubs.o ABSOLUTE
    _printf_truncate_unsigned                0x00000000   Number         0  stubs.o ABSOLUTE
    _printf_u                                0x00000000   Number         0  stubs.o ABSOLUTE
    _printf_wc                               0x00000000   Number         0  stubs.o ABSOLUTE
    _printf_wctomb                           0x00000000   Number         0  stubs.o ABSOLUTE
    _printf_widthprec                        0x00000000   Number         0  stubs.o ABSOLUTE
    _printf_x                                0x00000000   Number         0  stubs.o ABSOLUTE
    __cpp_initialize__aeabi_                  - Undefined Weak Reference
    __cxa_finalize                            - Undefined Weak Reference
    __decompress                              - Undefined Weak Reference
    _clock_init                               - Undefined Weak Reference
    _microlib_exit                            - Undefined Weak Reference
    __Vectors_Size                           0x00000130   Number         0  startup_stm32f10x_hd.o ABSOLUTE
    __Vectors                                0x08000000   Data           4  startup_stm32f10x_hd.o(RESET)
    __Vectors_End                            0x08000130   Data           0  startup_stm32f10x_hd.o(RESET)
    __main                                   0x08000131   Thumb Code     0  entry.o(.ARM.Collect$$$$00000000)
    _main_stk                                0x08000131   Thumb Code     0  entry2.o(.ARM.Collect$$$$00000001)
    _main_scatterload                        0x08000135   Thumb Code     0  entry5.o(.ARM.Collect$$$$00000004)
    __main_after_scatterload                 0x08000139   Thumb Code     0  entry5.o(.ARM.Collect$$$$00000004)
    _main_clock                              0x08000139   Thumb Code     0  entry7b.o(.ARM.Collect$$$$00000008)
    _main_cpp_init                           0x08000139   Thumb Code     0  entry8b.o(.ARM.Collect$$$$0000000A)
    _main_init                               0x08000139   Thumb Code     0  entry9a.o(.ARM.Collect$$$$0000000B)
    __rt_final_cpp                           0x08000141   Thumb Code     0  entry10a.o(.ARM.Collect$$$$0000000D)
    __rt_final_exit                          0x08000141   Thumb Code     0  entry11a.o(.ARM.Collect$$$$0000000F)
    Reset_Handler                            0x08000145   Thumb Code     8  startup_stm32f10x_hd.o(.text)
    ADC1_2_IRQHandler                        0x0800015f   Thumb Code     0  startup_stm32f10x_hd.o(.text)
    ADC3_IRQHandler                          0x0800015f   Thumb Code     0  startup_stm32f10x_hd.o(.text)
    CAN1_RX1_IRQHandler                      0x0800015f   Thumb Code     0  startup_stm32f10x_hd.o(.text)
    CAN1_SCE_IRQHandler                      0x0800015f   Thumb Code     0  startup_stm32f10x_hd.o(.text)
    DMA1_Channel1_IRQHandler                 0x0800015f   Thumb Code     0  startup_stm32f10x_hd.o(.text)
    DMA1_Channel2_IRQHandler                 0x0800015f   Thumb Code     0  startup_stm32f10x_hd.o(.text)
    DMA1_Channel3_IRQHandler                 0x0800015f   Thumb Code     0  startup_stm32f10x_hd.o(.text)
    DMA1_Channel4_IRQHandler                 0x0800015f   Thumb Code     0  startup_stm32f10x_hd.o(.text)
    DMA1_Channel5_IRQHandler                 0x0800015f   Thumb Code     0  startup_stm32f10x_hd.o(.text)
    DMA1_Channel6_IRQHandler                 0x0800015f   Thumb Code     0  startup_stm32f10x_hd.o(.text)
    DMA1_Channel7_IRQHandler                 0x0800015f   Thumb Code     0  startup_stm32f10x_hd.o(.text)
    DMA2_Channel1_IRQHandler                 0x0800015f   Thumb Code     0  startup_stm32f10x_hd.o(.text)
    DMA2_Channel2_IRQHandler                 0x0800015f   Thumb Code     0  startup_stm32f10x_hd.o(.text)
    DMA2_Channel3_IRQHandler                 0x0800015f   Thumb Code     0  startup_stm32f10x_hd.o(.text)
    DMA2_Channel4_5_IRQHandler               0x0800015f   Thumb Code     0  startup_stm32f10x_hd.o(.text)
    EXTI0_IRQHandler                         0x0800015f   Thumb Code     0  startup_stm32f10x_hd.o(.text)
    EXTI15_10_IRQHandler                     0x0800015f   Thumb Code     0  startup_stm32f10x_hd.o(.text)
    EXTI1_IRQHandler                         0x0800015f   Thumb Code     0  startup_stm32f10x_hd.o(.text)
    EXTI2_IRQHandler                         0x0800015f   Thumb Code     0  startup_stm32f10x_hd.o(.text)
    EXTI3_IRQHandler                         0x0800015f   Thumb Code     0  startup_stm32f10x_hd.o(.text)
    EXTI4_IRQHandler                         0x0800015f   Thumb Code     0  startup_stm32f10x_hd.o(.text)
    EXTI9_5_IRQHandler                       0x0800015f   Thumb Code     0  startup_stm32f10x_hd.o(.text)
    FLASH_IRQHandler                         0x0800015f   Thumb Code     0  startup_stm32f10x_hd.o(.text)
    FSMC_IRQHandler                          0x0800015f   Thumb Code     0  startup_stm32f10x_hd.o(.text)
    I2C1_ER_IRQHandler                       0x0800015f   Thumb Code     0  startup_stm32f10x_hd.o(.text)
    I2C1_EV_IRQHandler                       0x0800015f   Thumb Code     0  startup_stm32f10x_hd.o(.text)
    I2C2_ER_IRQHandler                       0x0800015f   Thumb Code     0  startup_stm32f10x_hd.o(.text)
    I2C2_EV_IRQHandler                       0x0800015f   Thumb Code     0  startup_stm32f10x_hd.o(.text)
    PVD_IRQHandler                           0x0800015f   Thumb Code     0  startup_stm32f10x_hd.o(.text)
    RCC_IRQHandler                           0x0800015f   Thumb Code     0  startup_stm32f10x_hd.o(.text)
    RTCAlarm_IRQHandler                      0x0800015f   Thumb Code     0  startup_stm32f10x_hd.o(.text)
    RTC_IRQHandler                           0x0800015f   Thumb Code     0  startup_stm32f10x_hd.o(.text)
    SDIO_IRQHandler                          0x0800015f   Thumb Code     0  startup_stm32f10x_hd.o(.text)
    SPI1_IRQHandler                          0x0800015f   Thumb Code     0  startup_stm32f10x_hd.o(.text)
    SPI2_IRQHandler                          0x0800015f   Thumb Code     0  startup_stm32f10x_hd.o(.text)
    SPI3_IRQHandler                          0x0800015f   Thumb Code     0  startup_stm32f10x_hd.o(.text)
    TAMPER_IRQHandler                        0x0800015f   Thumb Code     0  startup_stm32f10x_hd.o(.text)
    TIM1_BRK_IRQHandler                      0x0800015f   Thumb Code     0  startup_stm32f10x_hd.o(.text)
    TIM1_CC_IRQHandler                       0x0800015f   Thumb Code     0  startup_stm32f10x_hd.o(.text)
    TIM1_TRG_COM_IRQHandler                  0x0800015f   Thumb Code     0  startup_stm32f10x_hd.o(.text)
    TIM1_UP_IRQHandler                       0x0800015f   Thumb Code     0  startup_stm32f10x_hd.o(.text)
    TIM2_IRQHandler                          0x0800015f   Thumb Code     0  startup_stm32f10x_hd.o(.text)
    TIM3_IRQHandler                          0x0800015f   Thumb Code     0  startup_stm32f10x_hd.o(.text)
    TIM4_IRQHandler                          0x0800015f   Thumb Code     0  startup_stm32f10x_hd.o(.text)
    TIM6_IRQHandler                          0x0800015f   Thumb Code     0  startup_stm32f10x_hd.o(.text)
    TIM7_IRQHandler                          0x0800015f   Thumb Code     0  startup_stm32f10x_hd.o(.text)
    TIM8_BRK_IRQHandler                      0x0800015f   Thumb Code     0  startup_stm32f10x_hd.o(.text)
    TIM8_CC_IRQHandler                       0x0800015f   Thumb Code     0  startup_stm32f10x_hd.o(.text)
    TIM8_TRG_COM_IRQHandler                  0x0800015f   Thumb Code     0  startup_stm32f10x_hd.o(.text)
    TIM8_UP_IRQHandler                       0x0800015f   Thumb Code     0  startup_stm32f10x_hd.o(.text)
    UART4_IRQHandler                         0x0800015f   Thumb Code     0  startup_stm32f10x_hd.o(.text)
    UART5_IRQHandler                         0x0800015f   Thumb Code     0  startup_stm32f10x_hd.o(.text)
    USART1_IRQHandler                        0x0800015f   Thumb Code     0  startup_stm32f10x_hd.o(.text)
    USART2_IRQHandler                        0x0800015f   Thumb Code     0  startup_stm32f10x_hd.o(.text)
    USBWakeUp_IRQHandler                     0x0800015f   Thumb Code     0  startup_stm32f10x_hd.o(.text)
    USB_HP_CAN1_TX_IRQHandler                0x0800015f   Thumb Code     0  startup_stm32f10x_hd.o(.text)
    USB_LP_CAN1_RX0_IRQHandler               0x0800015f   Thumb Code     0  startup_stm32f10x_hd.o(.text)
    WWDG_IRQHandler                          0x0800015f   Thumb Code     0  startup_stm32f10x_hd.o(.text)
    __aeabi_memset                           0x08000169   Thumb Code    14  memseta.o(.text)
    __aeabi_memset4                          0x08000169   Thumb Code     0  memseta.o(.text)
    __aeabi_memset8                          0x08000169   Thumb Code     0  memseta.o(.text)
    __aeabi_memclr                           0x08000177   Thumb Code     4  memseta.o(.text)
    __aeabi_memclr4                          0x08000177   Thumb Code     0  memseta.o(.text)
    __aeabi_memclr8                          0x08000177   Thumb Code     0  memseta.o(.text)
    _memset$wrapper                          0x0800017b   Thumb Code    18  memseta.o(.text)
    strstr                                   0x0800018d   Thumb Code    36  strstr.o(.text)
    strncpy                                  0x080001b1   Thumb Code    24  strncpy.o(.text)
    strlen                                   0x080001c9   Thumb Code    14  strlen.o(.text)
    __aeabi_fdiv                             0x080001d7   Thumb Code   124  fdiv.o(.text)
    __aeabi_dadd                             0x08000253   Thumb Code   322  dadd.o(.text)
    __aeabi_dsub                             0x08000395   Thumb Code     6  dadd.o(.text)
    __aeabi_drsub                            0x0800039b   Thumb Code     6  dadd.o(.text)
    __aeabi_dmul                             0x080003a1   Thumb Code   228  dmul.o(.text)
    __aeabi_ddiv                             0x08000485   Thumb Code   222  ddiv.o(.text)
    __aeabi_ui2f                             0x08000563   Thumb Code    10  ffltui.o(.text)
    __aeabi_ui2d                             0x0800056d   Thumb Code    26  dfltui.o(.text)
    __aeabi_f2iz                             0x08000587   Thumb Code    50  ffixi.o(.text)
    __aeabi_f2uiz                            0x080005b9   Thumb Code    40  ffixui.o(.text)
    __aeabi_f2d                              0x080005e1   Thumb Code    38  f2d.o(.text)
    __aeabi_cdcmpeq                          0x08000609   Thumb Code     0  cdcmple.o(.text)
    __aeabi_cdcmple                          0x08000609   Thumb Code    48  cdcmple.o(.text)
    __aeabi_cdrcmple                         0x08000639   Thumb Code    48  cdrcmple.o(.text)
    __aeabi_d2f                              0x08000669   Thumb Code    56  d2f.o(.text)
    __aeabi_uidiv                            0x080006a1   Thumb Code     0  uidiv.o(.text)
    __aeabi_uidivmod                         0x080006a1   Thumb Code    44  uidiv.o(.text)
    __aeabi_uldivmod                         0x080006cd   Thumb Code    98  uldiv.o(.text)
    __aeabi_llsl                             0x0800072f   Thumb Code    30  llshl.o(.text)
    _ll_shift_l                              0x0800072f   Thumb Code     0  llshl.o(.text)
    __aeabi_llsr                             0x0800074d   Thumb Code    32  llushr.o(.text)
    _ll_ushift_r                             0x0800074d   Thumb Code     0  llushr.o(.text)
    __aeabi_lasr                             0x0800076d   Thumb Code    36  llsshr.o(.text)
    _ll_sshift_r                             0x0800076d   Thumb Code     0  llsshr.o(.text)
    __I$use$fp                               0x08000791   Thumb Code     0  iusefp.o(.text)
    _float_round                             0x08000791   Thumb Code    18  fepilogue.o(.text)
    _float_epilogue                          0x080007a3   Thumb Code    92  fepilogue.o(.text)
    _double_round                            0x080007ff   Thumb Code    30  depilogue.o(.text)
    _double_epilogue                         0x0800081d   Thumb Code   156  depilogue.o(.text)
    __aeabi_d2ulz                            0x080008b9   Thumb Code    48  dfixul.o(.text)
    __scatterload                            0x080008e9   Thumb Code    28  init.o(.text)
    __scatterload_rt2                        0x080008e9   Thumb Code     0  init.o(.text)
    ADC_Cmd                                  0x0800090d   Thumb Code    22  stm32f10x_adc.o(i.ADC_Cmd)
    ADC_DMACmd                               0x08000923   Thumb Code    22  stm32f10x_adc.o(i.ADC_DMACmd)
    ADC_GetCalibrationStatus                 0x08000939   Thumb Code    20  stm32f10x_adc.o(i.ADC_GetCalibrationStatus)
    ADC_GetResetCalibrationStatus            0x0800094d   Thumb Code    20  stm32f10x_adc.o(i.ADC_GetResetCalibrationStatus)
    ADC_Init                                 0x08000961   Thumb Code    70  stm32f10x_adc.o(i.ADC_Init)
    ADC_RegularChannelConfig                 0x080009b1   Thumb Code   184  stm32f10x_adc.o(i.ADC_RegularChannelConfig)
    ADC_ResetCalibration                     0x08000a69   Thumb Code    10  stm32f10x_adc.o(i.ADC_ResetCalibration)
    ADC_SoftwareStartConvCmd                 0x08000a73   Thumb Code    22  stm32f10x_adc.o(i.ADC_SoftwareStartConvCmd)
    ADC_StartCalibration                     0x08000a89   Thumb Code    10  stm32f10x_adc.o(i.ADC_StartCalibration)
    ADCx_Init                                0x08000b01   Thumb Code    12  adc.o(i.ADCx_Init)
    BEEP_Config                              0x08000c19   Thumb Code    50  beep.o(i.BEEP_Config)
    BusFault_Handler                         0x08000c51   Thumb Code     4  stm32f10x_it.o(i.BusFault_Handler)
    DHT11_GPIO_Config                        0x08000c55   Thumb Code    46  dht11.o(i.DHT11_GPIO_Config)
    DMA_Cmd                                  0x08000cc9   Thumb Code    24  stm32f10x_dma.o(i.DMA_Cmd)
    DMA_DeInit                               0x08000ce1   Thumb Code   324  stm32f10x_dma.o(i.DMA_DeInit)
    DMA_Init                                 0x08000e2d   Thumb Code    60  stm32f10x_dma.o(i.DMA_Init)
    DebugMon_Handler                         0x08000e69   Thumb Code     2  stm32f10x_it.o(i.DebugMon_Handler)
    Delay_us                                 0x08000e6d   Thumb Code    36  systick.o(i.Delay_us)
    ESP8266_AT_Test                          0x08000e95   Thumb Code    56  bsp_esp8266.o(i.ESP8266_AT_Test)
    ESP8266_Cmd                              0x08000edd   Thumb Code   170  bsp_esp8266.o(i.ESP8266_Cmd)
    ESP8266_Config                           0x08000f9d   Thumb Code    84  upload.o(i.ESP8266_Config)
    ESP8266_Enable_MultipleId                0x08001059   Thumb Code    42  bsp_esp8266.o(i.ESP8266_Enable_MultipleId)
    ESP8266_ExitUnvarnishSend                0x08001099   Thumb Code    24  bsp_esp8266.o(i.ESP8266_ExitUnvarnishSend)
    ESP8266_Get_LinkStatus                   0x08001105   Thumb Code    64  bsp_esp8266.o(i.ESP8266_Get_LinkStatus)
    ESP8266_Init                             0x08001181   Thumb Code    32  bsp_esp8266.o(i.ESP8266_Init)
    ESP8266_JoinAP                           0x080011a5   Thumb Code    38  bsp_esp8266.o(i.ESP8266_JoinAP)
    ESP8266_Link_Server                      0x080011e5   Thumb Code   110  bsp_esp8266.o(i.ESP8266_Link_Server)
    ESP8266_Net_Mode_Choose                  0x080012a5   Thumb Code    68  bsp_esp8266.o(i.ESP8266_Net_Mode_Choose)
    ESP8266_Query                            0x0800131d   Thumb Code   136  upload.o(i.ESP8266_Query)
    ESP8266_ReceiveString                    0x08001419   Thumb Code    88  bsp_esp8266.o(i.ESP8266_ReceiveString)
    ESP8266_Rst                              0x0800147d   Thumb Code    30  bsp_esp8266.o(i.ESP8266_Rst)
    ESP8266_SendString                       0x080014a5   Thumb Code   102  bsp_esp8266.o(i.ESP8266_SendString)
    ESP8266_UnvarnishSend                    0x08001609   Thumb Code    38  bsp_esp8266.o(i.ESP8266_UnvarnishSend)
    FAN_GENERAL_TIM_Init                     0x080016c9   Thumb Code    12  bsp_fan.o(i.FAN_GENERAL_TIM_Init)
    FSMC_NORSRAMCmd                          0x08001739   Thumb Code    46  stm32f10x_fsmc.o(i.FSMC_NORSRAMCmd)
    FSMC_NORSRAMInit                         0x0800176d   Thumb Code   230  stm32f10x_fsmc.o(i.FSMC_NORSRAMInit)
    GENERAL_TIM_Init                         0x08001853   Thumb Code    12  bsp_generaltim.o(i.GENERAL_TIM_Init)
    GPIO_Init                                0x080018db   Thumb Code   278  stm32f10x_gpio.o(i.GPIO_Init)
    GPIO_ReadInputDataBit                    0x080019f1   Thumb Code    18  stm32f10x_gpio.o(i.GPIO_ReadInputDataBit)
    GPIO_ResetBits                           0x08001a03   Thumb Code     4  stm32f10x_gpio.o(i.GPIO_ResetBits)
    GPIO_SetBits                             0x08001a07   Thumb Code     4  stm32f10x_gpio.o(i.GPIO_SetBits)
    GetGBKCode_from_EXFlash                  0x08001a0d   Thumb Code    74  fonts.o(i.GetGBKCode_from_EXFlash)
    Get_DUST                                 0x08001a61   Thumb Code    60  adc.o(i.Get_DUST)
    Get_DUST_Average                         0x08001aa5   Thumb Code    40  adc.o(i.Get_DUST_Average)
    Get_Light_Average                        0x08001acd   Thumb Code    40  adc.o(i.Get_Light_Average)
    Get_MQ2_Average                          0x08001af9   Thumb Code    40  adc.o(i.Get_MQ2_Average)
    HardFault_Handler                        0x08001b25   Thumb Code     4  stm32f10x_it.o(i.HardFault_Handler)
    ILI9341_BackLed_Control                  0x08001b29   Thumb Code    30  ili9341_lcd.o(i.ILI9341_BackLed_Control)
    ILI9341_Clear                            0x08001b4d   Thumb Code    40  ili9341_lcd.o(i.ILI9341_Clear)
    ILI9341_DisplayStringEx                  0x08001b8d   Thumb Code   246  ili9341_lcd.o(i.ILI9341_DisplayStringEx)
    ILI9341_DrawChar_Ex                      0x08001c95   Thumb Code    92  ili9341_lcd.o(i.ILI9341_DrawChar_Ex)
    ILI9341_GramScan                         0x08001f11   Thumb Code   172  ili9341_lcd.o(i.ILI9341_GramScan)
    ILI9341_Init                             0x08001fc9   Thumb Code    34  ili9341_lcd.o(i.ILI9341_Init)
    ILI9341_OpenWindow                       0x08001ff1   Thumb Code    96  ili9341_lcd.o(i.ILI9341_OpenWindow)
    ILI9341_Rst                              0x08002281   Thumb Code    36  ili9341_lcd.o(i.ILI9341_Rst)
    ILI9341_Write_Cmd                        0x080022a9   Thumb Code     8  ili9341_lcd.o(i.ILI9341_Write_Cmd)
    ILI9341_Write_Data                       0x080022b1   Thumb Code     6  ili9341_lcd.o(i.ILI9341_Write_Data)
    ILI9341_zoomChar                         0x080022bd   Thumb Code   378  ili9341_lcd.o(i.ILI9341_zoomChar)
    LCD_SetColors                            0x08002441   Thumb Code    10  ili9341_lcd.o(i.LCD_SetColors)
    LCD_SetFont                              0x08002455   Thumb Code     6  ili9341_lcd.o(i.LCD_SetFont)
    LCD_SetTextColor                         0x08002461   Thumb Code     6  ili9341_lcd.o(i.LCD_SetTextColor)
    LCD_UI_Init                              0x0800246d   Thumb Code   230  main.o(i.LCD_UI_Init)
    LED_Config                               0x08002601   Thumb Code   114  led.o(i.LED_Config)
    MemManage_Handler                        0x08002679   Thumb Code     4  stm32f10x_it.o(i.MemManage_Handler)
    NMI_Handler                              0x0800267d   Thumb Code     2  stm32f10x_it.o(i.NMI_Handler)
    NVIC_Init                                0x08002681   Thumb Code   100  misc.o(i.NVIC_Init)
    NVIC_PriorityGroupConfig                 0x080026f1   Thumb Code    10  misc.o(i.NVIC_PriorityGroupConfig)
    PendSV_Handler                           0x08002705   Thumb Code     2  stm32f10x_it.o(i.PendSV_Handler)
    RCC_ADCCLKConfig                         0x08002709   Thumb Code    18  stm32f10x_rcc.o(i.RCC_ADCCLKConfig)
    RCC_AHBPeriphClockCmd                    0x08002721   Thumb Code    26  stm32f10x_rcc.o(i.RCC_AHBPeriphClockCmd)
    RCC_APB1PeriphClockCmd                   0x08002741   Thumb Code    26  stm32f10x_rcc.o(i.RCC_APB1PeriphClockCmd)
    RCC_APB2PeriphClockCmd                   0x08002761   Thumb Code    26  stm32f10x_rcc.o(i.RCC_APB2PeriphClockCmd)
    RCC_GetClocksFreq                        0x08002781   Thumb Code   192  stm32f10x_rcc.o(i.RCC_GetClocksFreq)
    Read_DHT11                               0x080028b5   Thumb Code   156  dht11.o(i.Read_DHT11)
    SPI_Cmd                                  0x08002955   Thumb Code    24  stm32f10x_spi.o(i.SPI_Cmd)
    SPI_FLASH_BufferRead                     0x0800296d   Thumb Code    76  bsp_spi_flash.o(i.SPI_FLASH_BufferRead)
    SPI_FLASH_Init                           0x080029bd   Thumb Code   178  bsp_spi_flash.o(i.SPI_FLASH_Init)
    SPI_FLASH_SendByte                       0x08002a7d   Thumb Code   110  bsp_spi_flash.o(i.SPI_FLASH_SendByte)
    SPI_I2S_GetFlagStatus                    0x08002af5   Thumb Code    18  stm32f10x_spi.o(i.SPI_I2S_GetFlagStatus)
    SPI_I2S_ReceiveData                      0x08002b07   Thumb Code     6  stm32f10x_spi.o(i.SPI_I2S_ReceiveData)
    SPI_I2S_SendData                         0x08002b0d   Thumb Code     4  stm32f10x_spi.o(i.SPI_I2S_SendData)
    SPI_Init                                 0x08002b11   Thumb Code    60  stm32f10x_spi.o(i.SPI_Init)
    SVC_Handler                              0x08002b8d   Thumb Code     2  stm32f10x_it.o(i.SVC_Handler)
    SysTick_Handler                          0x08002c79   Thumb Code    18  stm32f10x_it.o(i.SysTick_Handler)
    SysTick_Init                             0x08002c91   Thumb Code   106  systick.o(i.SysTick_Init)
    SystemInit                               0x08002d0d   Thumb Code    78  system_stm32f10x.o(i.SystemInit)
    TIM5_IRQHandler                          0x08002d6d   Thumb Code    32  stm32f10x_it.o(i.TIM5_IRQHandler)
    TIM_ClearFlag                            0x08002d95   Thumb Code     6  stm32f10x_tim.o(i.TIM_ClearFlag)
    TIM_ClearITPendingBit                    0x08002d9b   Thumb Code     6  stm32f10x_tim.o(i.TIM_ClearITPendingBit)
    TIM_Cmd                                  0x08002da1   Thumb Code    24  stm32f10x_tim.o(i.TIM_Cmd)
    TIM_GetITStatus                          0x08002db9   Thumb Code    34  stm32f10x_tim.o(i.TIM_GetITStatus)
    TIM_ITConfig                             0x08002ddb   Thumb Code    18  stm32f10x_tim.o(i.TIM_ITConfig)
    TIM_OC4Init                              0x08002ded   Thumb Code   114  stm32f10x_tim.o(i.TIM_OC4Init)
    TIM_OC4PreloadConfig                     0x08002e69   Thumb Code    26  stm32f10x_tim.o(i.TIM_OC4PreloadConfig)
    TIM_SetCompare4                          0x08002e83   Thumb Code     6  stm32f10x_tim.o(i.TIM_SetCompare4)
    TIM_TimeBaseInit                         0x08002e89   Thumb Code   122  stm32f10x_tim.o(i.TIM_TimeBaseInit)
    UASRT_1_Config                           0x08002f2d   Thumb Code   132  usart.o(i.UASRT_1_Config)
    USART3_IRQHandler                        0x08002fb9   Thumb Code   134  stm32f10x_it.o(i.USART3_IRQHandler)
    USART_Cmd                                0x08003083   Thumb Code    24  stm32f10x_usart.o(i.USART_Cmd)
    USART_GetFlagStatus                      0x0800309b   Thumb Code    26  stm32f10x_usart.o(i.USART_GetFlagStatus)
    USART_GetITStatus                        0x080030b5   Thumb Code    84  stm32f10x_usart.o(i.USART_GetITStatus)
    USART_ITConfig                           0x08003109   Thumb Code    74  stm32f10x_usart.o(i.USART_ITConfig)
    USART_Init                               0x08003155   Thumb Code   210  stm32f10x_usart.o(i.USART_Init)
    USART_ReceiveData                        0x0800322d   Thumb Code    10  stm32f10x_usart.o(i.USART_ReceiveData)
    USART_SendData                           0x08003237   Thumb Code     8  stm32f10x_usart.o(i.USART_SendData)
    USART_printf                             0x0800323f   Thumb Code   262  common.o(i.USART_printf)
    UsageFault_Handler                       0x08003345   Thumb Code     4  stm32f10x_it.o(i.UsageFault_Handler)
    __0printf                                0x08003349   Thumb Code    22  printfa.o(i.__0printf)
    __1printf                                0x08003349   Thumb Code     0  printfa.o(i.__0printf)
    __2printf                                0x08003349   Thumb Code     0  printfa.o(i.__0printf)
    __c89printf                              0x08003349   Thumb Code     0  printfa.o(i.__0printf)
    printf                                   0x08003349   Thumb Code     0  printfa.o(i.__0printf)
    __0sprintf                               0x08003369   Thumb Code    34  printfa.o(i.__0sprintf)
    __1sprintf                               0x08003369   Thumb Code     0  printfa.o(i.__0sprintf)
    __2sprintf                               0x08003369   Thumb Code     0  printfa.o(i.__0sprintf)
    __c89sprintf                             0x08003369   Thumb Code     0  printfa.o(i.__0sprintf)
    sprintf                                  0x08003369   Thumb Code     0  printfa.o(i.__0sprintf)
    __scatterload_copy                       0x08003391   Thumb Code    14  handlers.o(i.__scatterload_copy)
    __scatterload_null                       0x0800339f   Thumb Code     2  handlers.o(i.__scatterload_null)
    __scatterload_zeroinit                   0x080033a1   Thumb Code    14  handlers.o(i.__scatterload_zeroinit)
    fputc                                    0x08003c4d   Thumb Code    32  usart.o(i.fputc)
    main                                     0x08003cd5   Thumb Code  2908  main.o(i.main)
    ASCII8x16_Table                          0x08004880   Data        1520  fonts.o(.constdata)
    ASCII16x24_Table                         0x08004e70   Data        4560  fonts.o(.constdata)
    ASCII24x32_Table                         0x08006040   Data        9120  fonts.o(.constdata)
    Region$$Table$$Base                      0x08008468   Number         0  anon$$obj.o(Region$$Table)
    Region$$Table$$Limit                     0x08008488   Number         0  anon$$obj.o(Region$$Table)
    DHT11_Data                               0x20000000   Data           5  main.o(.data)
    TandH_Value                              0x20000008   Data           8  main.o(.data)
    FAN_Gear                                 0x20000010   Data           4  main.o(.data)
    FAN_Status                               0x20000014   Data           1  main.o(.data)
    Alarm_Status                             0x20000015   Data           1  main.o(.data)
    WARN_Status                              0x20000016   Data           1  main.o(.data)
    time                                     0x20000018   Data           4  main.o(.data)
    gStr                                     0x2000001c   Data           4  main.o(.data)
    TimingDelay                              0x20000020   Data           4  systick.o(.data)
    Font8x16                                 0x20000024   Data           8  fonts.o(.data)
    Font16x24                                0x2000002c   Data           8  fonts.o(.data)
    Font24x32                                0x20000034   Data           8  fonts.o(.data)
    LCD_X_LENGTH                             0x20000040   Data           2  ili9341_lcd.o(.data)
    LCD_Y_LENGTH                             0x20000042   Data           2  ili9341_lcd.o(.data)
    LCD_SCAN_MODE                            0x20000044   Data           1  ili9341_lcd.o(.data)
    ADC_ConvertedValue                       0x20000054   Data           6  adc.o(.data)
    ucTcpClosedFlag                          0x2000005a   Data           1  upload.o(.data)
    ucStatus                                 0x2000005b   Data           1  upload.o(.data)
    SystemCoreClock                          0x20000070   Data           4  system_stm32f10x.o(.data)
    AHBPrescTable                            0x20000074   Data          16  system_stm32f10x.o(.data)
    __stdout                                 0x20000084   Data           4  stdout.o(.data)
    ADC_ConvertedValueLocal                  0x20000088   Data          12  main.o(.bss)
    PPM_Value                                0x20000094   Data          12  main.o(.bss)
    Buff                                     0x200000a0   Data         100  main.o(.bss)
    cStr                                     0x20000104   Data         100  main.o(.bss)
    pStr                                     0x20000168   Data         100  main.o(.bss)
    dStr                                     0x200001cc   Data         100  main.o(.bss)
    zoomBuff                                 0x20000230   Data       16384  ili9341_lcd.o(.bss)
    zoomTempBuff                             0x20004230   Data        1024  ili9341_lcd.o(.bss)
    strEsp8266_Fram_Record                   0x20004630   Data        1026  bsp_esp8266.o(.bss)
    __initial_sp                             0x20004e38   Data           0  startup_stm32f10x_hd.o(STACK)



==============================================================================

Memory Map of the image

  Image Entry point : 0x08000131

  Load Region LR_IROM1 (Base: 0x08000000, Size: 0x00008510, Max: 0x00080000, ABSOLUTE)

    Execution Region ER_IROM1 (Base: 0x08000000, Size: 0x00008488, Max: 0x00080000, ABSOLUTE)

    Base Addr    Size         Type   Attr      Idx    E Section Name        Object

    0x08000000   0x00000130   Data   RO         1389    RESET               startup_stm32f10x_hd.o
    0x08000130   0x00000000   Code   RO         4420  * .ARM.Collect$$$$00000000  mc_w.l(entry.o)
    0x08000130   0x00000004   Code   RO         4787    .ARM.Collect$$$$00000001  mc_w.l(entry2.o)
    0x08000134   0x00000004   Code   RO         4790    .ARM.Collect$$$$00000004  mc_w.l(entry5.o)
    0x08000138   0x00000000   Code   RO         4792    .ARM.Collect$$$$00000008  mc_w.l(entry7b.o)
    0x08000138   0x00000000   Code   RO         4794    .ARM.Collect$$$$0000000A  mc_w.l(entry8b.o)
    0x08000138   0x00000008   Code   RO         4795    .ARM.Collect$$$$0000000B  mc_w.l(entry9a.o)
    0x08000140   0x00000000   Code   RO         4797    .ARM.Collect$$$$0000000D  mc_w.l(entry10a.o)
    0x08000140   0x00000000   Code   RO         4799    .ARM.Collect$$$$0000000F  mc_w.l(entry11a.o)
    0x08000140   0x00000004   Code   RO         4788    .ARM.Collect$$$$00002712  mc_w.l(entry2.o)
    0x08000144   0x00000024   Code   RO         1390    .text               startup_stm32f10x_hd.o
    0x08000168   0x00000024   Code   RO         4427    .text               mc_w.l(memseta.o)
    0x0800018c   0x00000024   Code   RO         4429    .text               mc_w.l(strstr.o)
    0x080001b0   0x00000018   Code   RO         4431    .text               mc_w.l(strncpy.o)
    0x080001c8   0x0000000e   Code   RO         4435    .text               mc_w.l(strlen.o)
    0x080001d6   0x0000007c   Code   RO         4732    .text               mf_w.l(fdiv.o)
    0x08000252   0x0000014e   Code   RO         4734    .text               mf_w.l(dadd.o)
    0x080003a0   0x000000e4   Code   RO         4736    .text               mf_w.l(dmul.o)
    0x08000484   0x000000de   Code   RO         4738    .text               mf_w.l(ddiv.o)
    0x08000562   0x0000000a   Code   RO         4740    .text               mf_w.l(ffltui.o)
    0x0800056c   0x0000001a   Code   RO         4744    .text               mf_w.l(dfltui.o)
    0x08000586   0x00000032   Code   RO         4746    .text               mf_w.l(ffixi.o)
    0x080005b8   0x00000028   Code   RO         4748    .text               mf_w.l(ffixui.o)
    0x080005e0   0x00000026   Code   RO         4752    .text               mf_w.l(f2d.o)
    0x08000606   0x00000002   PAD
    0x08000608   0x00000030   Code   RO         4754    .text               mf_w.l(cdcmple.o)
    0x08000638   0x00000030   Code   RO         4756    .text               mf_w.l(cdrcmple.o)
    0x08000668   0x00000038   Code   RO         4758    .text               mf_w.l(d2f.o)
    0x080006a0   0x0000002c   Code   RO         4802    .text               mc_w.l(uidiv.o)
    0x080006cc   0x00000062   Code   RO         4804    .text               mc_w.l(uldiv.o)
    0x0800072e   0x0000001e   Code   RO         4806    .text               mc_w.l(llshl.o)
    0x0800074c   0x00000020   Code   RO         4808    .text               mc_w.l(llushr.o)
    0x0800076c   0x00000024   Code   RO         4810    .text               mc_w.l(llsshr.o)
    0x08000790   0x00000000   Code   RO         4821    .text               mc_w.l(iusefp.o)
    0x08000790   0x0000006e   Code   RO         4822    .text               mf_w.l(fepilogue.o)
    0x080007fe   0x000000ba   Code   RO         4824    .text               mf_w.l(depilogue.o)
    0x080008b8   0x00000030   Code   RO         4828    .text               mf_w.l(dfixul.o)
    0x080008e8   0x00000024   Code   RO         4830    .text               mc_w.l(init.o)
    0x0800090c   0x00000016   Code   RO         1437    i.ADC_Cmd           stm32f10x_adc.o
    0x08000922   0x00000016   Code   RO         1438    i.ADC_DMACmd        stm32f10x_adc.o
    0x08000938   0x00000014   Code   RO         1445    i.ADC_GetCalibrationStatus  stm32f10x_adc.o
    0x0800094c   0x00000014   Code   RO         1451    i.ADC_GetResetCalibrationStatus  stm32f10x_adc.o
    0x08000960   0x00000050   Code   RO         1455    i.ADC_Init          stm32f10x_adc.o
    0x080009b0   0x000000b8   Code   RO         1459    i.ADC_RegularChannelConfig  stm32f10x_adc.o
    0x08000a68   0x0000000a   Code   RO         1460    i.ADC_ResetCalibration  stm32f10x_adc.o
    0x08000a72   0x00000016   Code   RO         1462    i.ADC_SoftwareStartConvCmd  stm32f10x_adc.o
    0x08000a88   0x0000000a   Code   RO         1464    i.ADC_StartCalibration  stm32f10x_adc.o
    0x08000a92   0x00000002   PAD
    0x08000a94   0x0000006c   Code   RO          744    i.ADCx_GPIO_Config  adc.o
    0x08000b00   0x0000000c   Code   RO          745    i.ADCx_Init         adc.o
    0x08000b0c   0x0000010c   Code   RO          746    i.ADCx_Mode_Config  adc.o
    0x08000c18   0x00000038   Code   RO          793    i.BEEP_Config       beep.o
    0x08000c50   0x00000004   Code   RO          173    i.BusFault_Handler  stm32f10x_it.o
    0x08000c54   0x00000034   Code   RO          315    i.DHT11_GPIO_Config  dht11.o
    0x08000c88   0x0000001c   Code   RO          316    i.DHT11_Mode_IPU    dht11.o
    0x08000ca4   0x00000024   Code   RO          317    i.DHT11_Mode_Out_PP  dht11.o
    0x08000cc8   0x00000018   Code   RO         2122    i.DMA_Cmd           stm32f10x_dma.o
    0x08000ce0   0x0000014c   Code   RO         2123    i.DMA_DeInit        stm32f10x_dma.o
    0x08000e2c   0x0000003c   Code   RO         2128    i.DMA_Init          stm32f10x_dma.o
    0x08000e68   0x00000002   Code   RO          174    i.DebugMon_Handler  stm32f10x_it.o
    0x08000e6a   0x00000002   PAD
    0x08000e6c   0x00000028   Code   RO          290    i.Delay_us          systick.o
    0x08000e94   0x00000048   Code   RO          825    i.ESP8266_AT_Test   bsp_esp8266.o
    0x08000edc   0x000000c0   Code   RO          827    i.ESP8266_Cmd       bsp_esp8266.o
    0x08000f9c   0x000000bc   Code   RO          954    i.ESP8266_Config    upload.o
    0x08001058   0x00000040   Code   RO          828    i.ESP8266_Enable_MultipleId  bsp_esp8266.o
    0x08001098   0x00000028   Code   RO          829    i.ESP8266_ExitUnvarnishSend  bsp_esp8266.o
    0x080010c0   0x00000044   Code   RO          830    i.ESP8266_GPIO_Config  bsp_esp8266.o
    0x08001104   0x0000007c   Code   RO          832    i.ESP8266_Get_LinkStatus  bsp_esp8266.o
    0x08001180   0x00000024   Code   RO          833    i.ESP8266_Init      bsp_esp8266.o
    0x080011a4   0x00000040   Code   RO          835    i.ESP8266_JoinAP    bsp_esp8266.o
    0x080011e4   0x000000c0   Code   RO          836    i.ESP8266_Link_Server  bsp_esp8266.o
    0x080012a4   0x00000078   Code   RO          837    i.ESP8266_Net_Mode_Choose  bsp_esp8266.o
    0x0800131c   0x000000fc   Code   RO          955    i.ESP8266_Query     upload.o
    0x08001418   0x00000064   Code   RO          838    i.ESP8266_ReceiveString  bsp_esp8266.o
    0x0800147c   0x00000028   Code   RO          839    i.ESP8266_Rst       bsp_esp8266.o
    0x080014a4   0x000000a0   Code   RO          840    i.ESP8266_SendString  bsp_esp8266.o
    0x08001544   0x0000009c   Code   RO          842    i.ESP8266_USART_Config  bsp_esp8266.o
    0x080015e0   0x00000028   Code   RO          843    i.ESP8266_USART_NVIC_Configuration  bsp_esp8266.o
    0x08001608   0x0000004c   Code   RO          844    i.ESP8266_UnvarnishSend  bsp_esp8266.o
    0x08001654   0x00000074   Code   RO         1365    i.FAN_GENERAL_TIM_GPIO_Config  bsp_fan.o
    0x080016c8   0x0000000c   Code   RO         1366    i.FAN_GENERAL_TIM_Init  bsp_fan.o
    0x080016d4   0x00000064   Code   RO         1367    i.FAN_GENERAL_TIM_Mode_Config  bsp_fan.o
    0x08001738   0x00000034   Code   RO         2431    i.FSMC_NORSRAMCmd   stm32f10x_fsmc.o
    0x0800176c   0x000000e6   Code   RO         2433    i.FSMC_NORSRAMInit  stm32f10x_fsmc.o
    0x08001852   0x0000000c   Code   RO          984    i.GENERAL_TIM_Init  bsp_generaltim.o
    0x0800185e   0x00000002   PAD
    0x08001860   0x00000050   Code   RO          985    i.GENERAL_TIM_Mode_Config  bsp_generaltim.o
    0x080018b0   0x0000002a   Code   RO          986    i.GENERAL_TIM_NVIC_Config  bsp_generaltim.o
    0x080018da   0x00000116   Code   RO         2546    i.GPIO_Init         stm32f10x_gpio.o
    0x080019f0   0x00000012   Code   RO         2550    i.GPIO_ReadInputDataBit  stm32f10x_gpio.o
    0x08001a02   0x00000004   Code   RO         2553    i.GPIO_ResetBits    stm32f10x_gpio.o
    0x08001a06   0x00000004   Code   RO         2554    i.GPIO_SetBits      stm32f10x_gpio.o
    0x08001a0a   0x00000002   PAD
    0x08001a0c   0x00000054   Code   RO          351    i.GetGBKCode_from_EXFlash  fonts.o
    0x08001a60   0x00000044   Code   RO          747    i.Get_DUST          adc.o
    0x08001aa4   0x00000028   Code   RO          748    i.Get_DUST_Average  adc.o
    0x08001acc   0x0000002c   Code   RO          749    i.Get_Light_Average  adc.o
    0x08001af8   0x0000002c   Code   RO          750    i.Get_MQ2_Average   adc.o
    0x08001b24   0x00000004   Code   RO          175    i.HardFault_Handler  stm32f10x_it.o
    0x08001b28   0x00000024   Code   RO          373    i.ILI9341_BackLed_Control  ili9341_lcd.o
    0x08001b4c   0x0000002c   Code   RO          374    i.ILI9341_Clear     ili9341_lcd.o
    0x08001b78   0x00000012   Code   RO          375    i.ILI9341_Delay     ili9341_lcd.o
    0x08001b8a   0x00000002   PAD
    0x08001b8c   0x00000108   Code   RO          385    i.ILI9341_DisplayStringEx  ili9341_lcd.o
    0x08001c94   0x00000064   Code   RO          387    i.ILI9341_DrawChar_Ex  ili9341_lcd.o
    0x08001cf8   0x0000005e   Code   RO          391    i.ILI9341_FSMC_Config  ili9341_lcd.o
    0x08001d56   0x00000020   Code   RO          392    i.ILI9341_FillColor  ili9341_lcd.o
    0x08001d76   0x00000002   PAD
    0x08001d78   0x00000198   Code   RO          393    i.ILI9341_GPIO_Config  ili9341_lcd.o
    0x08001f10   0x000000b8   Code   RO          395    i.ILI9341_GramScan  ili9341_lcd.o
    0x08001fc8   0x00000028   Code   RO          396    i.ILI9341_Init      ili9341_lcd.o
    0x08001ff0   0x00000060   Code   RO          397    i.ILI9341_OpenWindow  ili9341_lcd.o
    0x08002050   0x00000230   Code   RO          398    i.ILI9341_REG_Config  ili9341_lcd.o
    0x08002280   0x00000028   Code   RO          400    i.ILI9341_Rst       ili9341_lcd.o
    0x080022a8   0x00000008   Code   RO          601    i.ILI9341_Write_Cmd  ili9341_lcd.o
    0x080022b0   0x0000000c   Code   RO          606    i.ILI9341_Write_Data  ili9341_lcd.o
    0x080022bc   0x00000184   Code   RO          403    i.ILI9341_zoomChar  ili9341_lcd.o
    0x08002440   0x00000014   Code   RO          408    i.LCD_SetColors     ili9341_lcd.o
    0x08002454   0x0000000c   Code   RO          409    i.LCD_SetFont       ili9341_lcd.o
    0x08002460   0x0000000c   Code   RO          410    i.LCD_SetTextColor  ili9341_lcd.o
    0x0800246c   0x00000194   Code   RO            1    i.LCD_UI_Init       main.o
    0x08002600   0x00000078   Code   RO          278    i.LED_Config        led.o
    0x08002678   0x00000004   Code   RO          176    i.MemManage_Handler  stm32f10x_it.o
    0x0800267c   0x00000002   Code   RO          177    i.NMI_Handler       stm32f10x_it.o
    0x0800267e   0x00000002   PAD
    0x08002680   0x00000070   Code   RO         1395    i.NVIC_Init         misc.o
    0x080026f0   0x00000014   Code   RO         1396    i.NVIC_PriorityGroupConfig  misc.o
    0x08002704   0x00000002   Code   RO          178    i.PendSV_Handler    stm32f10x_it.o
    0x08002706   0x00000002   PAD
    0x08002708   0x00000018   Code   RO         2960    i.RCC_ADCCLKConfig  stm32f10x_rcc.o
    0x08002720   0x00000020   Code   RO         2961    i.RCC_AHBPeriphClockCmd  stm32f10x_rcc.o
    0x08002740   0x00000020   Code   RO         2962    i.RCC_APB1PeriphClockCmd  stm32f10x_rcc.o
    0x08002760   0x00000020   Code   RO         2964    i.RCC_APB2PeriphClockCmd  stm32f10x_rcc.o
    0x08002780   0x000000d4   Code   RO         2972    i.RCC_GetClocksFreq  stm32f10x_rcc.o
    0x08002854   0x00000060   Code   RO          318    i.Read_Byte         dht11.o
    0x080028b4   0x000000a0   Code   RO          319    i.Read_DHT11        dht11.o
    0x08002954   0x00000018   Code   RO         3441    i.SPI_Cmd           stm32f10x_spi.o
    0x0800296c   0x00000050   Code   RO          635    i.SPI_FLASH_BufferRead  bsp_spi_flash.o
    0x080029bc   0x000000c0   Code   RO          638    i.SPI_FLASH_Init    bsp_spi_flash.o
    0x08002a7c   0x00000078   Code   RO          644    i.SPI_FLASH_SendByte  bsp_spi_flash.o
    0x08002af4   0x00000012   Code   RO         3449    i.SPI_I2S_GetFlagStatus  stm32f10x_spi.o
    0x08002b06   0x00000006   Code   RO         3452    i.SPI_I2S_ReceiveData  stm32f10x_spi.o
    0x08002b0c   0x00000004   Code   RO         3453    i.SPI_I2S_SendData  stm32f10x_spi.o
    0x08002b10   0x0000003c   Code   RO         3454    i.SPI_Init          stm32f10x_spi.o
    0x08002b4c   0x00000040   Code   RO          651    i.SPI_TIMEOUT_UserCallback  bsp_spi_flash.o
    0x08002b8c   0x00000002   Code   RO          179    i.SVC_Handler       stm32f10x_it.o
    0x08002b8e   0x00000008   Code   RO         4372    i.SetSysClock       system_stm32f10x.o
    0x08002b96   0x00000002   PAD
    0x08002b98   0x000000e0   Code   RO         4373    i.SetSysClockTo72   system_stm32f10x.o
    0x08002c78   0x00000018   Code   RO          180    i.SysTick_Handler   stm32f10x_it.o
    0x08002c90   0x0000007c   Code   RO          291    i.SysTick_Init      systick.o
    0x08002d0c   0x00000060   Code   RO         4375    i.SystemInit        system_stm32f10x.o
    0x08002d6c   0x00000028   Code   RO          181    i.TIM5_IRQHandler   stm32f10x_it.o
    0x08002d94   0x00000006   Code   RO         3590    i.TIM_ClearFlag     stm32f10x_tim.o
    0x08002d9a   0x00000006   Code   RO         3591    i.TIM_ClearITPendingBit  stm32f10x_tim.o
    0x08002da0   0x00000018   Code   RO         3596    i.TIM_Cmd           stm32f10x_tim.o
    0x08002db8   0x00000022   Code   RO         3617    i.TIM_GetITStatus   stm32f10x_tim.o
    0x08002dda   0x00000012   Code   RO         3621    i.TIM_ITConfig      stm32f10x_tim.o
    0x08002dec   0x0000007c   Code   RO         3640    i.TIM_OC4Init       stm32f10x_tim.o
    0x08002e68   0x0000001a   Code   RO         3642    i.TIM_OC4PreloadConfig  stm32f10x_tim.o
    0x08002e82   0x00000006   Code   RO         3660    i.TIM_SetCompare4   stm32f10x_tim.o
    0x08002e88   0x000000a4   Code   RO         3667    i.TIM_TimeBaseInit  stm32f10x_tim.o
    0x08002f2c   0x0000008c   Code   RO          249    i.UASRT_1_Config    usart.o
    0x08002fb8   0x000000a0   Code   RO          182    i.USART3_IRQHandler  stm32f10x_it.o
    0x08003058   0x0000002a   Code   RO          250    i.USART_1_NVIC_Config  usart.o
    0x08003082   0x00000018   Code   RO         4132    i.USART_Cmd         stm32f10x_usart.o
    0x0800309a   0x0000001a   Code   RO         4135    i.USART_GetFlagStatus  stm32f10x_usart.o
    0x080030b4   0x00000054   Code   RO         4136    i.USART_GetITStatus  stm32f10x_usart.o
    0x08003108   0x0000004a   Code   RO         4138    i.USART_ITConfig    stm32f10x_usart.o
    0x08003152   0x00000002   PAD
    0x08003154   0x000000d8   Code   RO         4139    i.USART_Init        stm32f10x_usart.o
    0x0800322c   0x0000000a   Code   RO         4146    i.USART_ReceiveData  stm32f10x_usart.o
    0x08003236   0x00000008   Code   RO         4149    i.USART_SendData    stm32f10x_usart.o
    0x0800323e   0x00000106   Code   RO          805    i.USART_printf      common.o
    0x08003344   0x00000004   Code   RO          183    i.UsageFault_Handler  stm32f10x_it.o
    0x08003348   0x00000020   Code   RO         4676    i.__0printf         mc_w.l(printfa.o)
    0x08003368   0x00000028   Code   RO         4678    i.__0sprintf        mc_w.l(printfa.o)
    0x08003390   0x0000000e   Code   RO         4836    i.__scatterload_copy  mc_w.l(handlers.o)
    0x0800339e   0x00000002   Code   RO         4837    i.__scatterload_null  mc_w.l(handlers.o)
    0x080033a0   0x0000000e   Code   RO         4838    i.__scatterload_zeroinit  mc_w.l(handlers.o)
    0x080033ae   0x00000002   PAD
    0x080033b0   0x00000164   Code   RO         4683    i._fp_digits        mc_w.l(printfa.o)
    0x08003514   0x000006dc   Code   RO         4684    i._printf_core      mc_w.l(printfa.o)
    0x08003bf0   0x00000024   Code   RO         4685    i._printf_post_padding  mc_w.l(printfa.o)
    0x08003c14   0x0000002e   Code   RO         4686    i._printf_pre_padding  mc_w.l(printfa.o)
    0x08003c42   0x0000000a   Code   RO         4688    i._sputc            mc_w.l(printfa.o)
    0x08003c4c   0x00000024   Code   RO          252    i.fputc             usart.o
    0x08003c70   0x00000062   Code   RO          806    i.itoa              common.o
    0x08003cd2   0x00000002   PAD
    0x08003cd4   0x00000bac   Code   RO            2    i.main              main.o
    0x08004880   0x00003b60   Data   RO          352    .constdata          fonts.o
    0x080083e0   0x00000085   Data   RO            4    .conststring        main.o
    0x08008465   0x00000003   PAD
    0x08008468   0x00000020   Data   RO         4834    Region$$Table       anon$$obj.o


    Execution Region RW_IRAM1 (Base: 0x20000000, Size: 0x00004e38, Max: 0x00010000, ABSOLUTE)

    Base Addr    Size         Type   Attr      Idx    E Section Name        Object

    0x20000000   0x00000020   Data   RW            5    .data               main.o
    0x20000020   0x00000004   Data   RW          292    .data               systick.o
    0x20000024   0x00000019   Data   RW          353    .data               fonts.o
    0x2000003d   0x00000003   PAD
    0x20000040   0x00000010   Data   RW          412    .data               ili9341_lcd.o
    0x20000050   0x00000004   Data   RW          652    .data               bsp_spi_flash.o
    0x20000054   0x00000006   Data   RW          751    .data               adc.o
    0x2000005a   0x00000002   Data   RW          957    .data               upload.o
    0x2000005c   0x00000014   Data   RW         2992    .data               stm32f10x_rcc.o
    0x20000070   0x00000014   Data   RW         4376    .data               system_stm32f10x.o
    0x20000084   0x00000004   Data   RW         4801    .data               mc_w.l(stdout.o)
    0x20000088   0x000001a8   Zero   RW            3    .bss                main.o
    0x20000230   0x00004400   Zero   RW          411    .bss                ili9341_lcd.o
    0x20004630   0x00000402   Zero   RW          845    .bss                bsp_esp8266.o
    0x20004a32   0x00000006   PAD
    0x20004a38   0x00000400   Zero   RW         1387    STACK               startup_stm32f10x_hd.o


==============================================================================

Image component sizes


      Code (inc. data)   RO Data    RW Data    ZI Data      Debug   Object Name

       584         40          0          6          0       4361   adc.o
        56          6          0          0          0        486   beep.o
      1544        430          0          0       1026      12245   bsp_esp8266.o
       228         10          0          0          0       1563   bsp_fan.o
       134          6          0          0          0       1499   bsp_generaltim.o
       456         76          0          4          0       3021   bsp_spi_flash.o
       360          0          0          0          0       2643   common.o
       372         26          0          0          0       3629   dht11.o
        84         10      15200         25          0       2211   fonts.o
      2368        110          0         16      17408      14411   ili9341_lcd.o
       120          6          0          0          0        517   led.o
      3392        608        133         32        424     292388   main.o
       132         22          0          0          0       1671   misc.o
        36          8        304          0       1024        872   startup_stm32f10x_hd.o
       390         10          0          0          0       7817   stm32f10x_adc.o
       416          8          0          0          0       3598   stm32f10x_dma.o
       282          6          0          0          0       1953   stm32f10x_fsmc.o
       304          0          0          0          0       3872   stm32f10x_gpio.o
       248         40          0          0          0       4864   stm32f10x_it.o
       332         44          0         20          0       5821   stm32f10x_rcc.o
       112          0          0          0          0       4094   stm32f10x_spi.o
       408         52          0          0          0       6325   stm32f10x_tim.o
       442          6          0          0          0       6501   stm32f10x_usart.o
       328         28          0         20          0       2261   system_stm32f10x.o
       164         22          0          4          0      16787   systick.o
       440        220          0          2          0       1868   upload.o
       218         12          0          0          0       1621   usart.o

    ----------------------------------------------------------------------
     13972       1806      15672        132      19888     408899   Object Totals
         0          0         32          0          0          0   (incl. Generated)
        22          0          3          3          6          0   (incl. Padding)

    ----------------------------------------------------------------------

      Code (inc. data)   RO Data    RW Data    ZI Data      Debug   Library Member Name

         0          0          0          0          0          0   entry.o
         0          0          0          0          0          0   entry10a.o
         0          0          0          0          0          0   entry11a.o
         8          4          0          0          0          0   entry2.o
         4          0          0          0          0          0   entry5.o
         0          0          0          0          0          0   entry7b.o
         0          0          0          0          0          0   entry8b.o
         8          4          0          0          0          0   entry9a.o
        30          0          0          0          0          0   handlers.o
        36          8          0          0          0         68   init.o
         0          0          0          0          0          0   iusefp.o
        30          0          0          0          0         68   llshl.o
        36          0          0          0          0         68   llsshr.o
        32          0          0          0          0         68   llushr.o
        36          0          0          0          0        108   memseta.o
      2276         96          0          0          0        596   printfa.o
         0          0          0          4          0          0   stdout.o
        14          0          0          0          0         68   strlen.o
        24          0          0          0          0         76   strncpy.o
        36          0          0          0          0         80   strstr.o
        44          0          0          0          0         80   uidiv.o
        98          0          0          0          0         92   uldiv.o
        48          0          0          0          0         68   cdcmple.o
        48          0          0          0          0         68   cdrcmple.o
        56          0          0          0          0         88   d2f.o
       334          0          0          0          0        148   dadd.o
       222          0          0          0          0        100   ddiv.o
       186          0          0          0          0        176   depilogue.o
        48          0          0          0          0         68   dfixul.o
        26          0          0          0          0         76   dfltui.o
       228          0          0          0          0         96   dmul.o
        38          0          0          0          0         68   f2d.o
       124          0          0          0          0         88   fdiv.o
       110          0          0          0          0        168   fepilogue.o
        50          0          0          0          0         68   ffixi.o
        40          0          0          0          0         68   ffixui.o
        10          0          0          0          0         68   ffltui.o

    ----------------------------------------------------------------------
      4284        112          0          4          0       2788   Library Totals
         4          0          0          0          0          0   (incl. Padding)

    ----------------------------------------------------------------------

      Code (inc. data)   RO Data    RW Data    ZI Data      Debug   Library Name

      2712        112          0          4          0       1372   mc_w.l
      1568          0          0          0          0       1416   mf_w.l

    ----------------------------------------------------------------------
      4284        112          0          4          0       2788   Library Totals

    ----------------------------------------------------------------------

==============================================================================


      Code (inc. data)   RO Data    RW Data    ZI Data      Debug   

     18256       1918      15672        136      19888     403727   Grand Totals
     18256       1918      15672        136      19888     403727   ELF Image Totals
     18256       1918      15672        136          0          0   ROM Totals

==============================================================================

    Total RO  Size (Code + RO Data)                33928 (  33.13kB)
    Total RW  Size (RW Data + ZI Data)             20024 (  19.55kB)
    Total ROM Size (Code + RO Data + RW Data)      34064 (  33.27kB)

==============================================================================

